Archive member included because of file (symbol)

/home/fabrizio/workspace_v6_1_3/lpmsp430g2553_IRremote/Debug/liblpmsp430g2553_IRremote.a(IRremote.o)
                              ./LockMechCode.o (_ZN6IRrecv10enableIRInEv)
/home/fabrizio/workspace_v6_1_3/lpmsp430g2553_core/Debug/liblpmsp430g2553_core.a(wiring.o)
                              /home/fabrizio/workspace_v6_1_3/lpmsp430g2553_IRremote/Debug/liblpmsp430g2553_IRremote.a(IRremote.o) (delayMicroseconds)
/home/fabrizio/workspace_v6_1_3/lpmsp430g2553_core/Debug/liblpmsp430g2553_core.a(wiring_digital.o)
                              ./LockMechCode.o (pinMode)
/home/fabrizio/workspace_v6_1_3/lpmsp430g2553_core/Debug/liblpmsp430g2553_core.a(HardwareSerial.o)
                              ./LockMechCode.o (Serial)
/home/fabrizio/workspace_v6_1_3/lpmsp430g2553_core/Debug/liblpmsp430g2553_core.a(main.o)
                              (main)
/home/fabrizio/workspace_v6_1_3/lpmsp430g2553_core/Debug/liblpmsp430g2553_core.a(Print.o)
                              /home/fabrizio/workspace_v6_1_3/lpmsp430g2553_core/Debug/liblpmsp430g2553_core.a(HardwareSerial.o) (_ZN5Print5writeEPKhj)
/home/fabrizio/workspace_v6_1_3/lpmsp430g2553_core/Debug/liblpmsp430g2553_core.a(WString.o)
                              /home/fabrizio/workspace_v6_1_3/lpmsp430g2553_core/Debug/liblpmsp430g2553_core.a(Print.o) (_ZNK6StringixEj)
/home/fabrizio/workspace_v6_1_3/lpmsp430g2553_core/Debug/liblpmsp430g2553_core.a(atof.o)
                              /home/fabrizio/workspace_v6_1_3/lpmsp430g2553_core/Debug/liblpmsp430g2553_core.a(WString.o) (atof)
/home/fabrizio/workspace_v6_1_3/lpmsp430g2553_core/Debug/liblpmsp430g2553_core.a(dtostrf.o)
                              /home/fabrizio/workspace_v6_1_3/lpmsp430g2553_core/Debug/liblpmsp430g2553_core.a(WString.o) (dtostrf)
/home/fabrizio/workspace_v6_1_3/lpmsp430g2553_core/Debug/liblpmsp430g2553_core.a(itoa.o)
                              /home/fabrizio/workspace_v6_1_3/lpmsp430g2553_core/Debug/liblpmsp430g2553_core.a(WString.o) (ltoa)
/home/fabrizio/workspace_v6_1_3/lpmsp430g2553_core/Debug/liblpmsp430g2553_core.a(usci_isr_handler.o)
                              /home/fabrizio/workspace_v6_1_3/lpmsp430g2553_core/Debug/liblpmsp430g2553_core.a(HardwareSerial.o) (usci_isr_install)
/home/fabrizio/workspace_v6_1_3/lpmsp430g2553_core/Debug/liblpmsp430g2553_core.a(new.o)
                              /home/fabrizio/workspace_v6_1_3/lpmsp430g2553_core/Debug/liblpmsp430g2553_core.a(Print.o) (__cxa_pure_virtual)
/home/fabrizio/workspace_v6_1_3/lpmsp430g2553_core/Debug/liblpmsp430g2553_core.a(twi.o)
                              /home/fabrizio/workspace_v6_1_3/lpmsp430g2553_core/Debug/liblpmsp430g2553_core.a(usci_isr_handler.o) (i2c_txrx_isr)
/home/fabrizio/workspace_v6_1_3/lpmsp430g2553_core/Debug/liblpmsp430g2553_core.a(twi_sw.o)
                              /home/fabrizio/workspace_v6_1_3/lpmsp430g2553_core/Debug/liblpmsp430g2553_core.a(twi.o) (i2c_sw_init)
/home/fabrizio/Downloads/energia-0101E0017/hardware/tools/msp430/bin/../lib/gcc/msp430/4.6.3/../../../../msp430/lib/libm.a(ef_pow.o)
                              /home/fabrizio/workspace_v6_1_3/lpmsp430g2553_core/Debug/liblpmsp430g2553_core.a(dtostrf.o) (powf)
/home/fabrizio/Downloads/energia-0101E0017/hardware/tools/msp430/bin/../lib/gcc/msp430/4.6.3/../../../../msp430/lib/libm.a(sf_scalbn.o)
                              /home/fabrizio/Downloads/energia-0101E0017/hardware/tools/msp430/bin/../lib/gcc/msp430/4.6.3/../../../../msp430/lib/libm.a(ef_pow.o) (scalbnf)
/home/fabrizio/Downloads/energia-0101E0017/hardware/tools/msp430/bin/../lib/gcc/msp430/4.6.3/../../../../msp430/lib/libm.a(ef_sqrt.o)
                              /home/fabrizio/Downloads/energia-0101E0017/hardware/tools/msp430/bin/../lib/gcc/msp430/4.6.3/../../../../msp430/lib/libm.a(ef_pow.o) (__ieee754_sqrtf)
/home/fabrizio/Downloads/energia-0101E0017/hardware/tools/msp430/bin/../lib/gcc/msp430/4.6.3/libgcc.a(_mulqi3.o)
                              /home/fabrizio/workspace_v6_1_3/lpmsp430g2553_core/Debug/liblpmsp430g2553_core.a(Print.o) (__mulqi3)
/home/fabrizio/Downloads/energia-0101E0017/hardware/tools/msp430/bin/../lib/gcc/msp430/4.6.3/libgcc.a(_mulhi3.o)
                              /home/fabrizio/workspace_v6_1_3/lpmsp430g2553_core/Debug/liblpmsp430g2553_core.a(wiring.o) (__mulhi3)
/home/fabrizio/Downloads/energia-0101E0017/hardware/tools/msp430/bin/../lib/gcc/msp430/4.6.3/libgcc.a(_mulsi3.o)
                              /home/fabrizio/workspace_v6_1_3/lpmsp430g2553_IRremote/Debug/liblpmsp430g2553_IRremote.a(IRremote.o) (__mulsi3)
/home/fabrizio/Downloads/energia-0101E0017/hardware/tools/msp430/bin/../lib/gcc/msp430/4.6.3/libgcc.a(_udivmod16.o)
                              /home/fabrizio/workspace_v6_1_3/lpmsp430g2553_core/Debug/liblpmsp430g2553_core.a(wiring.o) (__udivhi3)
/home/fabrizio/Downloads/energia-0101E0017/hardware/tools/msp430/bin/../lib/gcc/msp430/4.6.3/libgcc.a(_divmod16.o)
[...]
Memory Configuration

Name             Origin             Length             Attributes
sfr              0x0000000000000000 0x0000000000000010
peripheral_8bit  0x0000000000000010 0x00000000000000f0
peripheral_16bit 0x0000000000000100 0x0000000000000100
ram              0x0000000000000200 0x0000000000000200 xw
infomem          0x0000000000001000 0x0000000000000100
infod            0x0000000000001000 0x0000000000000040
infoc            0x0000000000001040 0x0000000000000040
infob            0x0000000000001080 0x0000000000000040
infoa            0x00000000000010c0 0x0000000000000040
rom              0x000000000000c000 0x0000000000003fe0 xr
vectors          0x000000000000ffe0 0x0000000000000020
bsl              0x0000000000000000 0x0000000000000000
ram2             0x0000000000000000 0x0000000000000000 xw
ram_mirror       0x0000000000000000 0x0000000000000000 xw
signature        0x0000000000000000 0x0000000000000000
tinyram          0x0000000000000000 0x0000000000000000 xw
usbram           0x0000000000000000 0x0000000000000000 xw
far_rom          0x0000000000000000 0x0000000000000000
*default*        0x0000000000000000 0xffffffffffffffff

Linker script and memory map

LOAD /home/fabrizio/Downloads/energia-0101E0017/hardware/tools/msp430/bin/../lib/gcc/msp430/4.6.3/crt0ivtbl16.o
LOAD ./LockMechCode.o
START GROUP
LOAD /home/fabrizio/workspace_v6_1_3/lpmsp430g2553_IRremote/Debug/liblpmsp430g2553_IRremote.a
LOAD /home/fabrizio/workspace_v6_1_3/lpmsp430g2553_core/Debug/liblpmsp430g2553_core.a
LOAD /home/fabrizio/Downloads/energia-0101E0017/hardware/tools/msp430/bin/../lib/gcc/msp430/4.6.3/../../../../msp430/lib/libm.a
END GROUP
LOAD /home/fabrizio/Downloads/energia-0101E0017/hardware/tools/msp430/bin/../lib/gcc/msp430/4.6.3/libgcc.a
LOAD /home/fabrizio/Downloads/energia-0101E0017/hardware/tools/msp430/bin/../lib/gcc/msp430/4.6.3/../../../../msp430/lib/libc.a
LOAD /home/fabrizio/Downloads/energia-0101E0017/hardware/tools/msp430/bin/../lib/gcc/msp430/4.6.3/libgcc.a
LOAD /home/fabrizio/Downloads/energia-0101E0017/hardware/tools/msp430/bin/../lib/gcc/msp430/4.6.3/libcrt0.a
                0x0000000000000040                PROVIDE (__info_segment_size, 0x40)
                0x0000000000001000                PROVIDE (__infod, 0x1000)
                0x0000000000001040                PROVIDE (__infoc, 0x1040)
                0x0000000000001080                PROVIDE (__infob, 0x1080)
                0x00000000000010c0                PROVIDE (__infoa, 0x10c0)
                0x0000000000000000                __IE1 = 0x0
                0x0000000000000002                __IFG1 = 0x2
                0x0000000000000001                __IE2 = 0x1
                0x0000000000000003                __IFG2 = 0x3
                0x0000000000000048                __ADC10DTC0 = 0x48
                0x0000000000000049                __ADC10DTC1 = 0x49
                0x000000000000004a                __ADC10AE0 = 0x4a
                0x00000000000001b0                __ADC10CTL0 = 0x1b0
                0x00000000000001b2                __ADC10CTL1 = 0x1b2
                0x00000000000001b4                __ADC10MEM = 0x1b4
                0x00000000000001bc                __ADC10SA = 0x1bc
                0x0000000000000056                __DCOCTL = 0x56
                0x0000000000000057                __BCSCTL1 = 0x57
                0x0000000000000058                __BCSCTL2 = 0x58
                0x0000000000000053                __BCSCTL3 = 0x53
                0x0000000000000059                __CACTL1 = 0x59
                0x000000000000005a                __CACTL2 = 0x5a
                0x000000000000005b                __CAPD = 0x5b
                0x0000000000000128                __FCTL1 = 0x128
                0x000000000000012a                __FCTL2 = 0x12a
                0x000000000000012c                __FCTL3 = 0x12c
                0x0000000000000020                __P1IN = 0x20
                0x0000000000000021                __P1OUT = 0x21
                0x0000000000000022                __P1DIR = 0x22
                0x0000000000000023                __P1IFG = 0x23
                0x0000000000000024                __P1IES = 0x24
                0x0000000000000025                __P1IE = 0x25
                0x0000000000000026                __P1SEL = 0x26
                0x0000000000000041                __P1SEL2 = 0x41
                0x0000000000000027                __P1REN = 0x27
                0x0000000000000028                __P2IN = 0x28
                0x0000000000000029                __P2OUT = 0x29
                0x000000000000002a                __P2DIR = 0x2a
                0x000000000000002b                __P2IFG = 0x2b
                0x000000000000002c                __P2IES = 0x2c
                0x000000000000002d                __P2IE = 0x2d
                0x000000000000002e                __P2SEL = 0x2e
                0x0000000000000042                __P2SEL2 = 0x42
                0x000000000000002f                __P2REN = 0x2f
                0x0000000000000018                __P3IN = 0x18
                0x0000000000000019                __P3OUT = 0x19
                0x000000000000001a                __P3DIR = 0x1a
                0x000000000000001b                __P3SEL = 0x1b
                0x0000000000000043                __P3SEL2 = 0x43
                0x0000000000000010                __P3REN = 0x10
                0x000000000000012e                __TA0IV = 0x12e
                0x0000000000000160                __TA0CTL = 0x160
                0x0000000000000162                __TA0CCTL0 = 0x162
                0x0000000000000164                __TA0CCTL1 = 0x164
                0x0000000000000166                __TA0CCTL2 = 0x166
                0x0000000000000170                __TA0R = 0x170
                0x0000000000000172                __TA0CCR0 = 0x172
                0x0000000000000174                __TA0CCR1 = 0x174
                0x0000000000000176                __TA0CCR2 = 0x176
                0x000000000000011e                __TA1IV = 0x11e
                0x0000000000000180                __TA1CTL = 0x180
                0x0000000000000182                __TA1CCTL0 = 0x182
                0x0000000000000184                __TA1CCTL1 = 0x184
                0x0000000000000186                __TA1CCTL2 = 0x186
                0x0000000000000190                __TA1R = 0x190
                0x0000000000000192                __TA1CCR0 = 0x192
                0x0000000000000194                __TA1CCR1 = 0x194
                0x0000000000000196                __TA1CCR2 = 0x196
                0x0000000000000060                __UCA0CTL0 = 0x60
                0x0000000000000061                __UCA0CTL1 = 0x61
                0x0000000000000062                __UCA0BR0 = 0x62
                0x0000000000000063                __UCA0BR1 = 0x63
                0x0000000000000064                __UCA0MCTL = 0x64
                0x0000000000000065                __UCA0STAT = 0x65
                0x0000000000000066                __UCA0RXBUF = 0x66
                0x0000000000000067                __UCA0TXBUF = 0x67
                0x000000000000005d                __UCA0ABCTL = 0x5d
                0x000000000000005e                __UCA0IRTCTL = 0x5e
                0x000000000000005f                __UCA0IRRCTL = 0x5f
                0x0000000000000068                __UCB0CTL0 = 0x68
                0x0000000000000069                __UCB0CTL1 = 0x69
                0x000000000000006a                __UCB0BR0 = 0x6a
                0x000000000000006b                __UCB0BR1 = 0x6b
                0x000000000000006c                __UCB0I2CIE = 0x6c
                0x000000000000006d                __UCB0STAT = 0x6d
                0x000000000000006e                __UCB0RXBUF = 0x6e
                0x000000000000006f                __UCB0TXBUF = 0x6f
                0x0000000000000118                __UCB0I2COA = 0x118
                0x000000000000011a                __UCB0I2CSA = 0x11a
                0x0000000000000120                __WDTCTL = 0x120
                0x00000000000010f8                __CALDCO_16MHZ = 0x10f8
                0x00000000000010f9                __CALBC1_16MHZ = 0x10f9
                0x00000000000010fa                __CALDCO_12MHZ = 0x10fa
                0x00000000000010fb                __CALBC1_12MHZ = 0x10fb
                0x00000000000010fc                __CALDCO_8MHZ = 0x10fc
                0x00000000000010fd                __CALBC1_8MHZ = 0x10fd
                0x00000000000010fe                __CALDCO_1MHZ = 0x10fe
                0x00000000000010ff                __CALBC1_1MHZ = 0x10ff
                0x00000000000010c0                __TLV_CHECKSUM = 0x10c0
                0x00000000000010f6                __TLV_DCO_30_TAG = 0x10f6
                0x00000000000010f7                __TLV_DCO_30_LEN = 0x10f7
                0x00000000000010da                __TLV_ADC10_1_TAG = 0x10da
                0x00000000000010db                __TLV_ADC10_1_LEN = 0x10db

.hash
 *(.hash)

.dynsym
 *(.dynsym)

.dynstr
 *(.dynstr)

.gnu.version
 *(.gnu.version)

.gnu.version_d
 *(.gnu.version_d)

.gnu.version_r
 *(.gnu.version_r)

.rel.init
 *(.rel.init)

.rela.init
 *(.rela.init)

.rel.fini
 *(.rel.fini)

.rela.fini
 *(.rela.fini)

.rel.text
 *(.rel.text .rel.text.* .rel.gnu.linkonce.t.*)

.rela.text
 *(.rela.text .rela.text.* .rela.gnu.linkonce.t.*)

.rel.rodata
 *(.rel.rodata .rel.rodata.* .rel.gnu.linkonce.r.*)

.rela.rodata
 *(.rela.rodata .rela.rodata.* .rela.gnu.linkonce.r.*)

.rel.data
 *(.rel.data .rel.data.* .rel.gnu.linkonce.d.*)

.rela.data
 *(.rela.data .rela.data.* .rela.gnu.linkonce.d.*)

.rel.bss
 *(.rel.bss .rel.bss.* .rel.gnu.linkonce.b.*)

.rela.bss
 *(.rela.bss .rela.bss.* .rela.gnu.linkonce.b.*)

.rel.ctors
 *(.rel.ctors)

.rela.ctors
 *(.rela.ctors)

.rel.dtors
 *(.rel.dtors)

.rela.dtors
 *(.rela.dtors)

.rel.got
 *(.rel.got)

.rela.got
 *(.rela.got)

.rel.plt
 *(.rel.plt)

.rela.plt
 *(.rela.plt)

.text           0x000000000000c000     0x2220
                0x000000000000c000                . = ALIGN (0x2)
 *(.init .init.*)
 *(.init0)
 .init0         0x000000000000c000        0x0 /home/fabrizio/Downloads/energia-0101E0017/hardware/tools/msp430/bin/../lib/gcc/msp430/4.6.3/libcrt0.a(_reset_vector__.o)
                0x000000000000c000                _reset_vector__
 *(.init1)
 .init1         0x000000000000c000        0xc /home/fabrizio/Downloads/energia-0101E0017/hardware/tools/msp430/bin/../lib/gcc/msp430/4.6.3/libcrt0.a(__watchdog_support.o)
                0x000000000000c000                __watchdog_support
 *(.init2)
 .init2         0x000000000000c00c        0x4 /home/fabrizio/Downloads/energia-0101E0017/hardware/tools/msp430/bin/../lib/gcc/msp430/4.6.3/libcrt0.a(__init_stack.o)
                0x000000000000c00c                __init_stack
 *(.init3)
 .init3         0x000000000000c010        0x0 /home/fabrizio/Downloads/energia-0101E0017/hardware/tools/msp430/bin/../lib/gcc/msp430/4.6.3/libcrt0.a(__low_level_init.o)
                0x000000000000c010                __low_level_init
 *(.init4)
 .init4         0x000000000000c010       0x18 /home/fabrizio/Downloads/energia-0101E0017/hardware/tools/msp430/bin/../lib/gcc/msp430/4.6.3/libcrt0.a(_copy_data.o)
                0x000000000000c010                __do_copy_data
 .init4         0x000000000000c028       0x16 /home/fabrizio/Downloads/energia-0101E0017/hardware/tools/msp430/bin/../lib/gcc/msp430/4.6.3/libcrt0.a(_clear_bss.o)
                0x000000000000c028                __do_clear_bss
 *(.init5)
 *(.init6)
 .init6         0x000000000000c03e       0x14 /home/fabrizio/Downloads/energia-0101E0017/hardware/tools/msp430/bin/../lib/gcc/msp430/4.6.3/libcrt0.a(_ctors430.o)
                0x000000000000c03e                __do_global_ctors
 *(.init7)
 *(.init8)
 *(.init9)
 .init9         0x000000000000c052       0x1a /home/fabrizio/workspace_v6_1_3/lpmsp430g2553_core/Debug/liblpmsp430g2553_core.a(main.o)
                0x000000000000c052                main
 *(.fini9)
 .fini9         0x000000000000c06c        0x0 /home/fabrizio/Downloads/energia-0101E0017/hardware/tools/msp430/bin/../lib/gcc/msp430/4.6.3/libcrt0.a(__stop_progExec__.o)
                0x000000000000c06c                __stop_progExec__
 *(.fini8)
 *(.fini7)
 *(.fini6)
 *(.fini5)
 *(.fini4)
 *(.fini3)
 *(.fini2)
 *(.fini1)
 *(.fini0)
 .fini0         0x000000000000c06c        0x6 /home/fabrizio/Downloads/energia-0101E0017/hardware/tools/msp430/bin/../lib/gcc/msp430/4.6.3/libcrt0.a(_endless_loop__.o)
                0x000000000000c06c                _endless_loop__
 *(.fini .fini.*)
                0x000000000000c072                . = ALIGN (0x2)
                0x000000000000c072                __ctors_start = .
 *(.ctors)
 .ctors         0x000000000000c072        0x2 ./LockMechCode.o
 .ctors         0x000000000000c074        0x2 /home/fabrizio/workspace_v6_1_3/lpmsp430g2553_core/Debug/liblpmsp430g2553_core.a(HardwareSerial.o)
                0x000000000000c076                __ctors_end = .
                0x000000000000c076                __dtors_start = .
 *(.dtors)
                0x000000000000c076                __dtors_end = .
                0x000000000000c076                . = ALIGN (0x2)
 *(.text .text.* .gnu.linkonce.t.*)
 .text          0x000000000000c076        0x4 /home/fabrizio/Downloads/energia-0101E0017/hardware/tools/msp430/bin/../lib/gcc/msp430/4.6.3/crt0ivtbl16.o
                0x000000000000c076                __isr_14
                0x000000000000c076                __isr_4
                0x000000000000c076                __isr_11
                0x000000000000c076                __isr_5
                0x000000000000c076                __isr_2
                0x000000000000c076                __isr_0
                0x000000000000c076                __isr_8
                0x000000000000c076                __isr_3
                0x000000000000c076                __isr_12
                0x000000000000c076                __isr_9
                0x000000000000c076                __isr_1
 .text.setup    0x000000000000c07a       0x40 ./LockMechCode.o
                0x000000000000c07a                setup
 .text.loop     0x000000000000c0ba       0xc2 ./LockMechCode.o
                0x000000000000c0ba                loop
 .text.startup._GLOBAL__sub_I_RECV_PIN
                0x000000000000c17c        0xe ./LockMechCode.o
 .text._Z5MATCHii
                0x000000000000c18a       0x70 /home/fabrizio/workspace_v6_1_3/lpmsp430g2553_IRremote/Debug/liblpmsp430g2553_IRremote.a(IRremote.o)
                0x000000000000c18a                _Z5MATCHii
 .text._Z10MATCH_MARKii
                0x000000000000c1fa       0x82 /home/fabrizio/workspace_v6_1_3/lpmsp430g2553_IRremote/Debug/liblpmsp430g2553_IRremote.a(IRremote.o)
                0x000000000000c1fa                _Z10MATCH_MARKii
 .text._Z11MATCH_SPACEii
                0x000000000000c27c       0x82 /home/fabrizio/workspace_v6_1_3/lpmsp430g2553_IRremote/Debug/liblpmsp430g2553_IRremote.a(IRremote.o)
                0x000000000000c27c                _Z11MATCH_SPACEii
 .text._ZN6IRrecvC2Ei
                0x000000000000c2fe       0x10 /home/fabrizio/workspace_v6_1_3/lpmsp430g2553_IRremote/Debug/liblpmsp430g2553_IRremote.a(IRremote.o)
                0x000000000000c2fe                _ZN6IRrecvC2Ei
                0x000000000000c2fe                _ZN6IRrecvC1Ei
 .text._ZN6IRrecv10enableIRInEv
                0x000000000000c30e       0x3e /home/fabrizio/workspace_v6_1_3/lpmsp430g2553_IRremote/Debug/liblpmsp430g2553_IRremote.a(IRremote.o)
                0x000000000000c30e                _ZN6IRrecv10enableIRInEv
 .text._ZN6IRrecv7RecvIsrEv
                0x000000000000c34c       0xf0 /home/fabrizio/workspace_v6_1_3/lpmsp430g2553_IRremote/Debug/liblpmsp430g2553_IRremote.a(IRremote.o)
                0x000000000000c34c                __isr_13
                0x000000000000c34c                _ZN6IRrecv7RecvIsrEv
 .text._ZN6IRrecv6resumeEv
                0x000000000000c43c       0x12 /home/fabrizio/workspace_v6_1_3/lpmsp430g2553_IRremote/Debug/liblpmsp430g2553_IRremote.a(IRremote.o)
                0x000000000000c43c                _ZN6IRrecv6resumeEv
 .text._ZN6IRrecv9decodeNECEP14decode_results
                0x000000000000c44e       0xf2 /home/fabrizio/workspace_v6_1_3/lpmsp430g2553_IRremote/Debug/liblpmsp430g2553_IRremote.a(IRremote.o)
                0x000000000000c44e                _ZN6IRrecv9decodeNECEP14decode_results
 .text._ZN6IRrecv10decodeSonyEP14decode_results
                0x000000000000c540       0xbc /home/fabrizio/workspace_v6_1_3/lpmsp430g2553_IRremote/Debug/liblpmsp430g2553_IRremote.a(IRremote.o)
                0x000000000000c540                _ZN6IRrecv10decodeSonyEP14decode_results
 .text._ZN6IRrecv10getRClevelEP14decode_resultsPiS2_i
                0x000000000000c5fc       0xa4 /home/fabrizio/workspace_v6_1_3/lpmsp430g2553_IRremote/Debug/liblpmsp430g2553_IRremote.a(IRremote.o)
                0x000000000000c5fc                _ZN6IRrecv10getRClevelEP14decode_resultsPiS2_i
 .text._ZN6IRrecv9decodeRC5EP14decode_results
                0x000000000000c6a0       0xfa /home/fabrizio/workspace_v6_1_3/lpmsp430g2553_IRremote/Debug/liblpmsp430g2553_IRremote.a(IRremote.o)
                0x000000000000c6a0                _ZN6IRrecv9decodeRC5EP14decode_results
 .text._ZN6IRrecv9decodeRC6EP14decode_results
                0x000000000000c79a      0x14c /home/fabrizio/workspace_v6_1_3/lpmsp430g2553_IRremote/Debug/liblpmsp430g2553_IRremote.a(IRremote.o)
                0x000000000000c79a                _ZN6IRrecv9decodeRC6EP14decode_results
 .text._ZN6IRrecv7compareEjj
                0x000000000000c8e6       0x70 /home/fabrizio/workspace_v6_1_3/lpmsp430g2553_IRremote/Debug/liblpmsp430g2553_IRremote.a(IRremote.o)
                0x000000000000c8e6                _ZN6IRrecv7compareEjj
 .text._ZN6IRrecv10decodeHashEP14decode_results
                0x000000000000c956       0xa8 /home/fabrizio/workspace_v6_1_3/lpmsp430g2553_IRremote/Debug/liblpmsp430g2553_IRremote.a(IRremote.o)
                0x000000000000c956                _ZN6IRrecv10decodeHashEP14decode_results
 .text._ZN6IRrecv6decodeEP14decode_results
                0x000000000000c9fe       0x84 /home/fabrizio/workspace_v6_1_3/lpmsp430g2553_IRremote/Debug/liblpmsp430g2553_IRremote.a(IRremote.o)
                0x000000000000c9fe                _ZN6IRrecv6decodeEP14decode_results
 .text.enableXtal
                0x000000000000ca82       0x42 /home/fabrizio/workspace_v6_1_3/lpmsp430g2553_core/Debug/liblpmsp430g2553_core.a(wiring.o)
                0x000000000000ca82                enableXtal
 .text.enableWatchDogIntervalMode
                0x000000000000cac4        0xc /home/fabrizio/workspace_v6_1_3/lpmsp430g2553_core/Debug/liblpmsp430g2553_core.a(wiring.o)
                0x000000000000cac4                enableWatchDogIntervalMode
 .text.initClocks
                0x000000000000cad0       0x1c /home/fabrizio/workspace_v6_1_3/lpmsp430g2553_core/Debug/liblpmsp430g2553_core.a(wiring.o)
                0x000000000000cad0                initClocks
 .text.init     0x000000000000caec       0x12 /home/fabrizio/workspace_v6_1_3/lpmsp430g2553_core/Debug/liblpmsp430g2553_core.a(wiring.o)
                0x000000000000caec                init
 .text.micros   0x000000000000cafe       0x24 /home/fabrizio/workspace_v6_1_3/lpmsp430g2553_core/Debug/liblpmsp430g2553_core.a(wiring.o)
                0x000000000000cafe                micros
 .text.millis   0x000000000000cb22       0x12 /home/fabrizio/workspace_v6_1_3/lpmsp430g2553_core/Debug/liblpmsp430g2553_core.a(wiring.o)
                0x000000000000cb22                millis
 .text.sleepSeconds
                0x000000000000cb34       0xa4 /home/fabrizio/workspace_v6_1_3/lpmsp430g2553_core/Debug/liblpmsp430g2553_core.a(wiring.o)
                0x000000000000cb34                sleepSeconds
 .text.sleep    0x000000000000cbd8       0xca /home/fabrizio/workspace_v6_1_3/lpmsp430g2553_core/Debug/liblpmsp430g2553_core.a(wiring.o)
                0x000000000000cbd8                sleep
 .text.delay    0x000000000000cca2       0x48 /home/fabrizio/workspace_v6_1_3/lpmsp430g2553_core/Debug/liblpmsp430g2553_core.a(wiring.o)
                0x000000000000cca2                delay
 .text.watchdog_isr
                0x000000000000ccea       0x82 /home/fabrizio/workspace_v6_1_3/lpmsp430g2553_core/Debug/liblpmsp430g2553_core.a(wiring.o)
                0x000000000000ccea                watchdog_isr
                0x000000000000ccea                __isr_10
 .text.pinMode  0x000000000000cd6c       0x7a /home/fabrizio/workspace_v6_1_3/lpmsp430g2553_core/Debug/liblpmsp430g2553_core.a(wiring_digital.o)
                0x000000000000cd6c                pinMode
 .text.pinMode_int
                0x000000000000cde6       0xa4 /home/fabrizio/workspace_v6_1_3/lpmsp430g2553_core/Debug/liblpmsp430g2553_core.a(wiring_digital.o)
                0x000000000000cde6                pinMode_int
 .text.digitalRead
                0x000000000000ce8a       0x3e /home/fabrizio/workspace_v6_1_3/lpmsp430g2553_core/Debug/liblpmsp430g2553_core.a(wiring_digital.o)
                0x000000000000ce8a                digitalRead
 .text.digitalWrite
                0x000000000000cec8       0x4a /home/fabrizio/workspace_v6_1_3/lpmsp430g2553_core/Debug/liblpmsp430g2553_core.a(wiring_digital.o)
                0x000000000000cec8                digitalWrite
 .text._ZN14HardwareSerial9availableEv
                0x000000000000cf12       0x12 /home/fabrizio/workspace_v6_1_3/lpmsp430g2553_core/Debug/liblpmsp430g2553_core.a(HardwareSerial.o)
                0x000000000000cf12                _ZN14HardwareSerial9availableEv
 .text._ZN14HardwareSerial4peekEv
                0x000000000000cf24       0x1e /home/fabrizio/workspace_v6_1_3/lpmsp430g2553_core/Debug/liblpmsp430g2553_core.a(HardwareSerial.o)
                0x000000000000cf24                _ZN14HardwareSerial4peekEv
 .text._ZN14HardwareSerial4readEv
                0x000000000000cf42       0x2c /home/fabrizio/workspace_v6_1_3/lpmsp430g2553_core/Debug/liblpmsp430g2553_core.a(HardwareSerial.o)
                0x000000000000cf42                _ZN14HardwareSerial4readEv
 .text._ZN14HardwareSerial5flushEv
                0x000000000000cf6e       0x12 /home/fabrizio/workspace_v6_1_3/lpmsp430g2553_core/Debug/liblpmsp430g2553_core.a(HardwareSerial.o)
                0x000000000000cf6e                _ZN14HardwareSerial5flushEv
 .text._ZN14HardwareSerial5writeEh
                0x000000000000cf80       0x3c /home/fabrizio/workspace_v6_1_3/lpmsp430g2553_core/Debug/liblpmsp430g2553_core.a(HardwareSerial.o)
                0x000000000000cf80                _ZN14HardwareSerial5writeEh
 .text._Z11serialEventv
                0x000000000000cfbc        0x2 /home/fabrizio/workspace_v6_1_3/lpmsp430g2553_core/Debug/liblpmsp430g2553_core.a(HardwareSerial.o)
                0x000000000000cfbc                _Z11serialEventv
 .text._Z14serialEventRunv
                0x000000000000cfbe       0x12 /home/fabrizio/workspace_v6_1_3/lpmsp430g2553_core/Debug/liblpmsp430g2553_core.a(HardwareSerial.o)
                0x000000000000cfbe                _Z14serialEventRunv
 .text._ZN14HardwareSerial5beginEm
                0x000000000000cfd0      0x128 /home/fabrizio/workspace_v6_1_3/lpmsp430g2553_core/Debug/liblpmsp430g2553_core.a(HardwareSerial.o)
                0x000000000000cfd0                _ZN14HardwareSerial5beginEm
 .text.uart_rx_isr
                0x000000000000d0f8       0x28 /home/fabrizio/workspace_v6_1_3/lpmsp430g2553_core/Debug/liblpmsp430g2553_core.a(HardwareSerial.o)
                0x000000000000d0f8                uart_rx_isr
 .text.uart_tx_isr
                0x000000000000d120       0x3c /home/fabrizio/workspace_v6_1_3/lpmsp430g2553_core/Debug/liblpmsp430g2553_core.a(HardwareSerial.o)
                0x000000000000d120                uart_tx_isr
 .text.startup._GLOBAL__sub_I_rx_buffer
                0x000000000000d15c       0x44 /home/fabrizio/workspace_v6_1_3/lpmsp430g2553_core/Debug/liblpmsp430g2553_core.a(HardwareSerial.o)
 .text._ZN5Print5writeEPKhj
                0x000000000000d1a0       0x2e /home/fabrizio/workspace_v6_1_3/lpmsp430g2553_core/Debug/liblpmsp430g2553_core.a(Print.o)
                0x000000000000d1a0                _ZN5Print5writeEPKhj
 .text.usci_isr_install
                0x000000000000d1ce        0x2 /home/fabrizio/workspace_v6_1_3/lpmsp430g2553_core/Debug/liblpmsp430g2553_core.a(usci_isr_handler.o)
                0x000000000000d1ce                usci_isr_install
 .text.USCIAB0TX_ISR
                0x000000000000d1d0       0x5a /home/fabrizio/workspace_v6_1_3/lpmsp430g2553_core/Debug/liblpmsp430g2553_core.a(usci_isr_handler.o)
                0x000000000000d1d0                __isr_6
                0x000000000000d1d0                USCIAB0TX_ISR
 .text.USCIAB0RX_ISR
                0x000000000000d22a       0x4c /home/fabrizio/workspace_v6_1_3/lpmsp430g2553_core/Debug/liblpmsp430g2553_core.a(usci_isr_handler.o)
                0x000000000000d22a                __isr_7
                0x000000000000d22a                USCIAB0RX_ISR
 .text.i2c_txrx_isr
                0x000000000000d276      0x114 /home/fabrizio/workspace_v6_1_3/lpmsp430g2553_core/Debug/liblpmsp430g2553_core.a(twi.o)
                0x000000000000d276                i2c_txrx_isr
 .text.i2c_state_isr
                0x000000000000d38a       0xcc /home/fabrizio/workspace_v6_1_3/lpmsp430g2553_core/Debug/liblpmsp430g2553_core.a(twi.o)
                0x000000000000d38a                i2c_state_isr
 .text.libgcc   0x000000000000d456       0x18 /home/fabrizio/Downloads/energia-0101E0017/hardware/tools/msp430/bin/../lib/gcc/msp430/4.6.3/libgcc.a(_mulhi3.o)
                0x000000000000d456                __mulhi3
 .text.libgcc   0x000000000000d46e       0x2c /home/fabrizio/Downloads/energia-0101E0017/hardware/tools/msp430/bin/../lib/gcc/msp430/4.6.3/libgcc.a(_mulsi3.o)
                0x000000000000d46e                __mulsi3
 .text.libgcc   0x000000000000d49a       0x22 /home/fabrizio/Downloads/energia-0101E0017/hardware/tools/msp430/bin/../lib/gcc/msp430/4.6.3/libgcc.a(_udivmod16.o)
                0x000000000000d49a                __udivhi3
                0x000000000000d49a                __ext_udivmod16
                0x000000000000d4b4                __umodhi3
 .text.libgcc   0x000000000000d4bc       0x40 /home/fabrizio/Downloads/energia-0101E0017/hardware/tools/msp430/bin/../lib/gcc/msp430/4.6.3/libgcc.a(_udivmod32.o)
                0x000000000000d4bc                __udivsi3
                0x000000000000d4bc                __ext_udivmod32
                0x000000000000d4f2                __umodsi3
 .text          0x000000000000d4fc      0x32e /home/fabrizio/Downloads/energia-0101E0017/hardware/tools/msp430/bin/../lib/gcc/msp430/4.6.3/libgcc.a(_addsub_sf.o)
                0x000000000000d78e                __addsf3
                0x000000000000d7da                __subsf3
 .text          0x000000000000d82a      0x224 /home/fabrizio/Downloads/energia-0101E0017/hardware/tools/msp430/bin/../lib/gcc/msp430/4.6.3/libgcc.a(_mul_sf.o)
                0x000000000000d82a                __mulsf3
 .text          0x000000000000da4e      0x150 /home/fabrizio/Downloads/energia-0101E0017/hardware/tools/msp430/bin/../lib/gcc/msp430/4.6.3/libgcc.a(_div_sf.o)
                0x000000000000da4e                __divsf3
 .text          0x000000000000db9e       0x50 /home/fabrizio/Downloads/energia-0101E0017/hardware/tools/msp430/bin/../lib/gcc/msp430/4.6.3/libgcc.a(_lt_sf.o)
                0x000000000000db9e                __ltsf2
 .text          0x000000000000dbee       0xa6 /home/fabrizio/Downloads/energia-0101E0017/hardware/tools/msp430/bin/../lib/gcc/msp430/4.6.3/libgcc.a(_si_to_sf.o)
                0x000000000000dbee                __floatsisf
 .text          0x000000000000dc94       0x90 /home/fabrizio/Downloads/energia-0101E0017/hardware/tools/msp430/bin/../lib/gcc/msp430/4.6.3/libgcc.a(_sf_to_si.o)
                0x000000000000dc94                __fixsfsi
 .text          0x000000000000dd24       0xe2 /home/fabrizio/Downloads/energia-0101E0017/hardware/tools/msp430/bin/../lib/gcc/msp430/4.6.3/libgcc.a(_usi_to_sf.o)
                0x000000000000dd24                __floatunsisf
 .text          0x000000000000de06       0x72 /home/fabrizio/Downloads/energia-0101E0017/hardware/tools/msp430/bin/../lib/gcc/msp430/4.6.3/libgcc.a(_clzsi2.o)
                0x000000000000de06                __clzsi2
 .text          0x000000000000de78      0x1de /home/fabrizio/Downloads/energia-0101E0017/hardware/tools/msp430/bin/../lib/gcc/msp430/4.6.3/libgcc.a(_pack_sf.o)
                0x000000000000de78                __pack_f
 .text          0x000000000000e056      0x124 /home/fabrizio/Downloads/energia-0101E0017/hardware/tools/msp430/bin/../lib/gcc/msp430/4.6.3/libgcc.a(_unpack_sf.o)
                0x000000000000e056                __unpack_f
 .text          0x000000000000e17a       0xa4 /home/fabrizio/Downloads/energia-0101E0017/hardware/tools/msp430/bin/../lib/gcc/msp430/4.6.3/libgcc.a(_fpcmp_parts_sf.o)
                0x000000000000e17a                __fpcmp_parts_f
 .text.crt0     0x000000000000e21e        0x2 /home/fabrizio/Downloads/energia-0101E0017/hardware/tools/msp430/bin/../lib/gcc/msp430/4.6.3/libcrt0.a(_unexpected_.o)
                0x000000000000e21e                _unexpected_
                0x000000000000e220                . = ALIGN (0x2)

.rodata         0x000000000000e220      0x172
                0x000000000000e220                . = ALIGN (0x2)
 *(.rodata .rodata.* .gnu.linkonce.r.*)
 .rodata.digital_pin_to_bit_mask
                0x000000000000e220       0x15 /home/fabrizio/workspace_v6_1_3/lpmsp430g2553_core/Debug/liblpmsp430g2553_core.a(wiring_digital.o)
                0x000000000000e220                digital_pin_to_bit_mask
 .rodata.digital_pin_to_port
                0x000000000000e235       0x15 /home/fabrizio/workspace_v6_1_3/lpmsp430g2553_core/Debug/liblpmsp430g2553_core.a(wiring_digital.o)
                0x000000000000e235                digital_pin_to_port
 .rodata.port_to_sel2
                0x000000000000e24a        0x8 /home/fabrizio/workspace_v6_1_3/lpmsp430g2553_core/Debug/liblpmsp430g2553_core.a(wiring_digital.o)
                0x000000000000e24a                port_to_sel2
 .rodata.port_to_sel0
                0x000000000000e252        0x8 /home/fabrizio/workspace_v6_1_3/lpmsp430g2553_core/Debug/liblpmsp430g2553_core.a(wiring_digital.o)
                0x000000000000e252                port_to_sel0
 .rodata.port_to_ren
                0x000000000000e25a        0x8 /home/fabrizio/workspace_v6_1_3/lpmsp430g2553_core/Debug/liblpmsp430g2553_core.a(wiring_digital.o)
                0x000000000000e25a                port_to_ren
 .rodata.port_to_dir
                0x000000000000e262        0x8 /home/fabrizio/workspace_v6_1_3/lpmsp430g2553_core/Debug/liblpmsp430g2553_core.a(wiring_digital.o)
                0x000000000000e262                port_to_dir
 .rodata.port_to_output
                0x000000000000e26a        0x8 /home/fabrizio/workspace_v6_1_3/lpmsp430g2553_core/Debug/liblpmsp430g2553_core.a(wiring_digital.o)
                0x000000000000e26a                port_to_output
 .rodata.port_to_input
                0x000000000000e272        0x8 /home/fabrizio/workspace_v6_1_3/lpmsp430g2553_core/Debug/liblpmsp430g2553_core.a(wiring_digital.o)
                0x000000000000e272                port_to_input
 .rodata._ZTV14HardwareSerial
                0x000000000000e27a       0x10 /home/fabrizio/workspace_v6_1_3/lpmsp430g2553_core/Debug/liblpmsp430g2553_core.a(HardwareSerial.o)
                0x000000000000e27a                _ZTV14HardwareSerial
 .rodata        0x000000000000e28a        0x8 /home/fabrizio/Downloads/energia-0101E0017/hardware/tools/msp430/bin/../lib/gcc/msp430/4.6.3/libgcc.a(_thenan_sf.o)
                0x000000000000e28a                __thenan_sf
 .rodata        0x000000000000e292      0x100 /home/fabrizio/Downloads/energia-0101E0017/hardware/tools/msp430/bin/../lib/gcc/msp430/4.6.3/libgcc.a(_clz.o)
                0x000000000000e292                __clz_tab
                0x000000000000e392                . = ALIGN (0x2)
                0x000000000000e392                _etext = .

.data           0x0000000000000200        0x4 load address 0x000000000000e392
                0x0000000000000200                . = ALIGN (0x2)
                0x0000000000000200                PROVIDE (__data_start, .)
 *(.data .data.* .gnu.linkonce.d.*)
 .data.RECV_PIN
                0x0000000000000200        0x2 ./LockMechCode.o
                0x0000000000000200                RECV_PIN
 .data.I2C_baseAddress
                0x0000000000000202        0x2 /home/fabrizio/workspace_v6_1_3/lpmsp430g2553_core/Debug/liblpmsp430g2553_core.a(twi.o)
                0x0000000000000202                I2C_baseAddress
                0x0000000000000204                . = ALIGN (0x2)
                0x0000000000000204                _edata = .
                0x000000000000e392                PROVIDE (__data_load_start, LOADADDR (.data))
                0x0000000000000004                PROVIDE (__data_size, SIZEOF (.data))

.bss            0x0000000000000204      0x142 load address 0x000000000000e396
                0x0000000000000204                PROVIDE (__bss_start, .)
 *(.bss .bss.*)
 .bss.results   0x0000000000000204        0xc ./LockMechCode.o
                0x0000000000000204                results
 .bss.irrecv    0x0000000000000210        0x2 ./LockMechCode.o
                0x0000000000000210                irrecv
 .bss.lockStop  0x0000000000000212        0x2 ./LockMechCode.o
                0x0000000000000212                lockStop
 .bss.irparams  0x0000000000000214       0xa0 /home/fabrizio/workspace_v6_1_3/lpmsp430g2553_IRremote/Debug/liblpmsp430g2553_IRremote.a(IRremote.o)
                0x0000000000000214                irparams
 .bss.vlo_freq  0x00000000000002b4        0x2 /home/fabrizio/workspace_v6_1_3/lpmsp430g2553_core/Debug/liblpmsp430g2553_core.a(wiring.o)
                0x00000000000002b4                vlo_freq
 .bss.stay_asleep
                0x00000000000002b6        0x1 /home/fabrizio/workspace_v6_1_3/lpmsp430g2553_core/Debug/liblpmsp430g2553_core.a(wiring.o)
                0x00000000000002b6                stay_asleep
 .bss.sleeping  0x00000000000002b7        0x1 /home/fabrizio/workspace_v6_1_3/lpmsp430g2553_core/Debug/liblpmsp430g2553_core.a(wiring.o)
                0x00000000000002b7                sleeping
 .bss.wdt_fract
                0x00000000000002b8        0x2 /home/fabrizio/workspace_v6_1_3/lpmsp430g2553_core/Debug/liblpmsp430g2553_core.a(wiring.o)
                0x00000000000002b8                wdt_fract
 .bss.wdt_millis
                0x00000000000002ba        0x4 /home/fabrizio/workspace_v6_1_3/lpmsp430g2553_core/Debug/liblpmsp430g2553_core.a(wiring.o)
                0x00000000000002ba                wdt_millis
 .bss.wdt_overflow_count
                0x00000000000002be        0x4 /home/fabrizio/workspace_v6_1_3/lpmsp430g2553_core/Debug/liblpmsp430g2553_core.a(wiring.o)
                0x00000000000002be                wdt_overflow_count
 .bss.Serial    0x00000000000002c2       0x1a /home/fabrizio/workspace_v6_1_3/lpmsp430g2553_core/Debug/liblpmsp430g2553_core.a(HardwareSerial.o)
                0x00000000000002c2                Serial
 .bss.tx_buffer
                0x00000000000002dc       0x14 /home/fabrizio/workspace_v6_1_3/lpmsp430g2553_core/Debug/liblpmsp430g2553_core.a(HardwareSerial.o)
                0x00000000000002dc                tx_buffer
 .bss.rx_buffer
                0x00000000000002f0       0x14 /home/fabrizio/workspace_v6_1_3/lpmsp430g2553_core/Debug/liblpmsp430g2553_core.a(HardwareSerial.o)
                0x00000000000002f0                rx_buffer
 .bss.still_asleep
                0x0000000000000304        0x1 /home/fabrizio/workspace_v6_1_3/lpmsp430g2553_core/Debug/liblpmsp430g2553_core.a(usci_isr_handler.o)
 .bss.twi_error
                0x0000000000000305        0x1 /home/fabrizio/workspace_v6_1_3/lpmsp430g2553_core/Debug/liblpmsp430g2553_core.a(twi.o)
 .bss.twi_rxBufferIndex
                0x0000000000000306        0x1 /home/fabrizio/workspace_v6_1_3/lpmsp430g2553_core/Debug/liblpmsp430g2553_core.a(twi.o)
 .bss.twi_txBufferLength
                0x0000000000000307        0x1 /home/fabrizio/workspace_v6_1_3/lpmsp430g2553_core/Debug/liblpmsp430g2553_core.a(twi.o)
 .bss.twi_txBufferIndex
                0x0000000000000308        0x1 /home/fabrizio/workspace_v6_1_3/lpmsp430g2553_core/Debug/liblpmsp430g2553_core.a(twi.o)
 .bss.twi_masterBufferIndex
                0x0000000000000309        0x1 /home/fabrizio/workspace_v6_1_3/lpmsp430g2553_core/Debug/liblpmsp430g2553_core.a(twi.o)
 .bss.twi_inRepStart
                0x000000000000030a        0x1 /home/fabrizio/workspace_v6_1_3/lpmsp430g2553_core/Debug/liblpmsp430g2553_core.a(twi.o)
 .bss.twi_sendStop
                0x000000000000030b        0x1 /home/fabrizio/workspace_v6_1_3/lpmsp430g2553_core/Debug/liblpmsp430g2553_core.a(twi.o)
 .bss.twi_state
                0x000000000000030c        0x1 /home/fabrizio/workspace_v6_1_3/lpmsp430g2553_core/Debug/liblpmsp430g2553_core.a(twi.o)
 .bss.twi_masterBufferLength
                0x000000000000030d        0x1 /home/fabrizio/workspace_v6_1_3/lpmsp430g2553_core/Debug/liblpmsp430g2553_core.a(twi.o)
 .bss.twi_masterBuffer
                0x000000000000030e       0x10 /home/fabrizio/workspace_v6_1_3/lpmsp430g2553_core/Debug/liblpmsp430g2553_core.a(twi.o)
 .bss.twi_txBuffer
                0x000000000000031e       0x10 /home/fabrizio/workspace_v6_1_3/lpmsp430g2553_core/Debug/liblpmsp430g2553_core.a(twi.o)
 .bss.twi_onSlaveReceive
                0x000000000000032e        0x2 /home/fabrizio/workspace_v6_1_3/lpmsp430g2553_core/Debug/liblpmsp430g2553_core.a(twi.o)
 .bss.twi_onSlaveTransmit
                0x0000000000000330        0x2 /home/fabrizio/workspace_v6_1_3/lpmsp430g2553_core/Debug/liblpmsp430g2553_core.a(twi.o)
 .bss.twi_rxBuffer
                0x0000000000000332       0x10 /home/fabrizio/workspace_v6_1_3/lpmsp430g2553_core/Debug/liblpmsp430g2553_core.a(twi.o)
 *(COMMON)
 COMMON         0x0000000000000342        0x4 /home/fabrizio/workspace_v6_1_3/lpmsp430g2553_core/Debug/liblpmsp430g2553_core.a(wiring.o)
                0x0000000000000342                SMILLIS_INC
                0x0000000000000344                SFRACT_INC
                0x0000000000000346                . = ALIGN (0x2)
                0x0000000000000346                PROVIDE (__bss_end, .)
                0x0000000000000142                PROVIDE (__bss_size, SIZEOF (.bss))

.noinit         0x0000000000000346        0x2 load address 0x000000000000e396
                0x0000000000000346                PROVIDE (__noinit_start, .)
 *(.noinit .noinit.*)
 .noinit.crt0   0x0000000000000346        0x2 /home/fabrizio/Downloads/energia-0101E0017/hardware/tools/msp430/bin/../lib/gcc/msp430/4.6.3/libcrt0.a(__watchdog_support.o)
                0x0000000000000346                __wdt_clear_value
                0x0000000000000348                . = ALIGN (0x2)
                0x0000000000000348                PROVIDE (__noinit_end, .)
                0x0000000000000348                . = ALIGN (0x2)
                0x0000000000000348                _end = .

.infomem        0x0000000000001000        0x0
 *(.infomem)
                0x0000000000001000                . = ALIGN (0x2)
 *(.infomem.*)

.infomemnobits  0x0000000000001000        0x0
 *(.infomemnobits)
                0x0000000000001000                . = ALIGN (0x2)
 *(.infomemnobits.*)

.infoa
 *(.infoa .infoa.*)

.infob
 *(.infob .infob.*)

.infoc
 *(.infoc .infoc.*)

.infod
 *(.infod .infod.*)

.vectors        0x000000000000ffe0       0x20
                0x000000000000ffe0                PROVIDE (__vectors_start, .)
 *(.vectors*)
 .vectors       0x000000000000ffe0       0x20 /home/fabrizio/Downloads/energia-0101E0017/hardware/tools/msp430/bin/../lib/gcc/msp430/4.6.3/crt0ivtbl16.o
                0x000000000000ffe0                __ivtbl_16
                0x0000000000010000                _vectors_end = .

.fartext        0x0000000000000000        0x0
                0x0000000000000000                . = ALIGN (0x2)
 *(.fartext)
                0x0000000000000000                . = ALIGN (0x2)
 *(.fartext.*)
                0x0000000000000000                _efartext = .

.profiler
 *(.profiler)

.stab
 *(.stab)

.stabstr
 *(.stabstr)

.stab.excl
 *(.stab.excl)

.stab.exclstr
 *(.stab.exclstr)

.stab.index
 *(.stab.index)

.stab.indexstr
 *(.stab.indexstr)

.comment
 *(.comment)

.debug
 *(.debug)

.line
 *(.line)

.debug_srcinfo
 *(.debug_srcinfo)

.debug_sfnames
 *(.debug_sfnames)

.debug_aranges  0x0000000000000000      0x7b0
 *(.debug_aranges)
 .debug_aranges
                0x0000000000000000       0x1c ./LockMechCode.o
 .debug_aranges
                0x000000000000001c       0x7c /home/fabrizio/workspace_v6_1_3/lpmsp430g2553_IRremote/Debug/liblpmsp430g2553_IRremote.a(IRremote.o)
 .debug_aranges
                0x0000000000000098       0x48 /home/fabrizio/workspace_v6_1_3/lpmsp430g2553_core/Debug/liblpmsp430g2553_core.a(wiring.o)
 .debug_aranges
                0x00000000000000e0       0x20 /home/fabrizio/workspace_v6_1_3/lpmsp430g2553_core/Debug/liblpmsp430g2553_core.a(wiring_digital.o)
 .debug_aranges
                0x0000000000000100       0x44 /home/fabrizio/workspace_v6_1_3/lpmsp430g2553_core/Debug/liblpmsp430g2553_core.a(HardwareSerial.o)
 .debug_aranges
                0x0000000000000144       0x14 /home/fabrizio/workspace_v6_1_3/lpmsp430g2553_core/Debug/liblpmsp430g2553_core.a(main.o)
 .debug_aranges
                0x0000000000000158       0x70 /home/fabrizio/workspace_v6_1_3/lpmsp430g2553_core/Debug/liblpmsp430g2553_core.a(Print.o)
 .debug_aranges
                0x00000000000001c8      0x144 /home/fabrizio/workspace_v6_1_3/lpmsp430g2553_core/Debug/liblpmsp430g2553_core.a(WString.o)
 .debug_aranges
                0x000000000000030c       0x14 /home/fabrizio/workspace_v6_1_3/lpmsp430g2553_core/Debug/liblpmsp430g2553_core.a(atof.o)
 .debug_aranges
                0x0000000000000320       0x14 /home/fabrizio/workspace_v6_1_3/lpmsp430g2553_core/Debug/liblpmsp430g2553_core.a(dtostrf.o)
 .debug_aranges
                0x0000000000000334       0x20 /home/fabrizio/workspace_v6_1_3/lpmsp430g2553_core/Debug/liblpmsp430g2553_core.a(itoa.o)
 .debug_aranges
                0x0000000000000354       0x1c /home/fabrizio/workspace_v6_1_3/lpmsp430g2553_core/Debug/liblpmsp430g2553_core.a(usci_isr_handler.o)
 .debug_aranges
                0x0000000000000370       0x28 /home/fabrizio/workspace_v6_1_3/lpmsp430g2553_core/Debug/liblpmsp430g2553_core.a(new.o)
 .debug_aranges
                0x0000000000000398       0x3c /home/fabrizio/workspace_v6_1_3/lpmsp430g2553_core/Debug/liblpmsp430g2553_core.a(twi.o)
 .debug_aranges
                0x00000000000003d4       0x30 /home/fabrizio/workspace_v6_1_3/lpmsp430g2553_core/Debug/liblpmsp430g2553_core.a(twi_sw.o)
 .debug_aranges
                0x0000000000000404       0x14 /home/fabrizio/Downloads/energia-0101E0017/hardware/tools/msp430/bin/../lib/gcc/msp430/4.6.3/../../../../msp430/lib/libm.a(ef_pow.o)
 .debug_aranges
                0x0000000000000418       0x14 /home/fabrizio/Downloads/energia-0101E0017/hardware/tools/msp430/bin/../lib/gcc/msp430/4.6.3/../../../../msp430/lib/libm.a(sf_scalbn.o)
 .debug_aranges
                0x000000000000042c       0x14 /home/fabrizio/Downloads/energia-0101E0017/hardware/tools/msp430/bin/../lib/gcc/msp430/4.6.3/../../../../msp430/lib/libm.a(ef_sqrt.o)
 .debug_aranges
                0x0000000000000440       0x14 /home/fabrizio/Downloads/energia-0101E0017/hardware/tools/msp430/bin/../lib/gcc/msp430/4.6.3/libgcc.a(_mulqi3.o)
 .debug_aranges
                0x0000000000000454       0x14 /home/fabrizio/Downloads/energia-0101E0017/hardware/tools/msp430/bin/../lib/gcc/msp430/4.6.3/libgcc.a(_mulhi3.o)
 .debug_aranges
                0x0000000000000468       0x14 /home/fabrizio/Downloads/energia-0101E0017/hardware/tools/msp430/bin/../lib/gcc/msp430/4.6.3/libgcc.a(_mulsi3.o)
 .debug_aranges
                0x000000000000047c       0x14 /home/fabrizio/Downloads/energia-0101E0017/hardware/tools/msp430/bin/../lib/gcc/msp430/4.6.3/libgcc.a(_udivmod16.o)
 .debug_aranges
                0x0000000000000490       0x14 /home/fabrizio/Downloads/energia-0101E0017/hardware/tools/msp430/bin/../lib/gcc/msp430/4.6.3/libgcc.a(_divmod16.o)
 .debug_aranges
                0x00000000000004a4       0x14 /home/fabrizio/Downloads/energia-0101E0017/hardware/tools/msp430/bin/../lib/gcc/msp430/4.6.3/libgcc.a(_udivmod32.o)
 .debug_aranges
                0x00000000000004b8       0x14 /home/fabrizio/Downloads/energia-0101E0017/hardware/tools/msp430/bin/../lib/gcc/msp430/4.6.3/libgcc.a(_fixunssfsi.o)
 .debug_aranges
                0x00000000000004cc       0x14 /home/fabrizio/Downloads/energia-0101E0017/hardware/tools/msp430/bin/../lib/gcc/msp430/4.6.3/libgcc.a(_addsub_sf.o)
 .debug_aranges
                0x00000000000004e0       0x14 /home/fabrizio/Downloads/energia-0101E0017/hardware/tools/msp430/bin/../lib/gcc/msp430/4.6.3/libgcc.a(_mul_sf.o)
 .debug_aranges
                0x00000000000004f4       0x14 /home/fabrizio/Downloads/energia-0101E0017/hardware/tools/msp430/bin/../lib/gcc/msp430/4.6.3/libgcc.a(_div_sf.o)
 .debug_aranges
                0x0000000000000508       0x14 /home/fabrizio/Downloads/energia-0101E0017/hardware/tools/msp430/bin/../lib/gcc/msp430/4.6.3/libgcc.a(_gt_sf.o)
 .debug_aranges
                0x000000000000051c       0x14 /home/fabrizio/Downloads/energia-0101E0017/hardware/tools/msp430/bin/../lib/gcc/msp430/4.6.3/libgcc.a(_ge_sf.o)
 .debug_aranges
                0x0000000000000530       0x14 /home/fabrizio/Downloads/energia-0101E0017/hardware/tools/msp430/bin/../lib/gcc/msp430/4.6.3/libgcc.a(_lt_sf.o)
 .debug_aranges
                0x0000000000000544       0x14 /home/fabrizio/Downloads/energia-0101E0017/hardware/tools/msp430/bin/../lib/gcc/msp430/4.6.3/libgcc.a(_le_sf.o)
 .debug_aranges
                0x0000000000000558       0x14 /home/fabrizio/Downloads/energia-0101E0017/hardware/tools/msp430/bin/../lib/gcc/msp430/4.6.3/libgcc.a(_si_to_sf.o)
 .debug_aranges
                0x000000000000056c       0x14 /home/fabrizio/Downloads/energia-0101E0017/hardware/tools/msp430/bin/../lib/gcc/msp430/4.6.3/libgcc.a(_sf_to_si.o)
 .debug_aranges
                0x0000000000000580       0x14 /home/fabrizio/Downloads/energia-0101E0017/hardware/tools/msp430/bin/../lib/gcc/msp430/4.6.3/libgcc.a(_usi_to_sf.o)
 .debug_aranges
                0x0000000000000594       0x14 /home/fabrizio/Downloads/energia-0101E0017/hardware/tools/msp430/bin/../lib/gcc/msp430/4.6.3/libgcc.a(_clzsi2.o)
 .debug_aranges
                0x00000000000005a8       0x14 /home/fabrizio/Downloads/energia-0101E0017/hardware/tools/msp430/bin/../lib/gcc/msp430/4.6.3/libgcc.a(_pack_sf.o)
 .debug_aranges
                0x00000000000005bc       0x14 /home/fabrizio/Downloads/energia-0101E0017/hardware/tools/msp430/bin/../lib/gcc/msp430/4.6.3/libgcc.a(_unpack_sf.o)
 .debug_aranges
                0x00000000000005d0       0x14 /home/fabrizio/Downloads/energia-0101E0017/hardware/tools/msp430/bin/../lib/gcc/msp430/4.6.3/libgcc.a(_fpcmp_parts_sf.o)
 .debug_aranges
                0x00000000000005e4       0x14 /home/fabrizio/Downloads/energia-0101E0017/hardware/tools/msp430/bin/../lib/gcc/msp430/4.6.3/../../../../msp430/lib/libc.a(strchr.o)
 .debug_aranges
                0x00000000000005f8       0x14 /home/fabrizio/Downloads/energia-0101E0017/hardware/tools/msp430/bin/../lib/gcc/msp430/4.6.3/../../../../msp430/lib/libc.a(strcmp.o)
 .debug_aranges
                0x000000000000060c       0x14 /home/fabrizio/Downloads/energia-0101E0017/hardware/tools/msp430/bin/../lib/gcc/msp430/4.6.3/../../../../msp430/lib/libc.a(strncmp.o)
 .debug_aranges
                0x0000000000000620       0x14 /home/fabrizio/Downloads/energia-0101E0017/hardware/tools/msp430/bin/../lib/gcc/msp430/4.6.3/../../../../msp430/lib/libc.a(strcpy.o)
 .debug_aranges
                0x0000000000000634       0x14 /home/fabrizio/Downloads/energia-0101E0017/hardware/tools/msp430/bin/../lib/gcc/msp430/4.6.3/../../../../msp430/lib/libc.a(strncpy.o)
 .debug_aranges
                0x0000000000000648       0x14 /home/fabrizio/Downloads/energia-0101E0017/hardware/tools/msp430/bin/../lib/gcc/msp430/4.6.3/../../../../msp430/lib/libc.a(memcpy.o)
 .debug_aranges
                0x000000000000065c       0x14 /home/fabrizio/Downloads/energia-0101E0017/hardware/tools/msp430/bin/../lib/gcc/msp430/4.6.3/../../../../msp430/lib/libc.a(memmove.o)
 .debug_aranges
                0x0000000000000670       0x14 /home/fabrizio/Downloads/energia-0101E0017/hardware/tools/msp430/bin/../lib/gcc/msp430/4.6.3/../../../../msp430/lib/libc.a(strrchr.o)
 .debug_aranges
                0x0000000000000684       0x14 /home/fabrizio/Downloads/energia-0101E0017/hardware/tools/msp430/bin/../lib/gcc/msp430/4.6.3/../../../../msp430/lib/libc.a(strstr.o)
 .debug_aranges
                0x0000000000000698       0x14 /home/fabrizio/Downloads/energia-0101E0017/hardware/tools/msp430/bin/../lib/gcc/msp430/4.6.3/../../../../msp430/lib/libc.a(atol.o)
 .debug_aranges
                0x00000000000006ac       0x14 /home/fabrizio/Downloads/energia-0101E0017/hardware/tools/msp430/bin/../lib/gcc/msp430/4.6.3/../../../../msp430/lib/libc.a(malloc.o)
 .debug_aranges
                0x00000000000006c0       0x14 /home/fabrizio/Downloads/energia-0101E0017/hardware/tools/msp430/bin/../lib/gcc/msp430/4.6.3/../../../../msp430/lib/libc.a(strtol.o)
 .debug_aranges
                0x00000000000006d4       0x14 /home/fabrizio/Downloads/energia-0101E0017/hardware/tools/msp430/bin/../lib/gcc/msp430/4.6.3/../../../../msp430/lib/libc.a(sprintf.o)
 .debug_aranges
                0x00000000000006e8       0x14 /home/fabrizio/Downloads/energia-0101E0017/hardware/tools/msp430/bin/../lib/gcc/msp430/4.6.3/../../../../msp430/lib/libc.a(vuprintf.o)
 .debug_aranges
                0x00000000000006fc       0x14 /home/fabrizio/Downloads/energia-0101E0017/hardware/tools/msp430/bin/../lib/gcc/msp430/4.6.3/libgcc.a(_divmod32.o)
 .debug_aranges
                0x0000000000000710       0x14 /home/fabrizio/Downloads/energia-0101E0017/hardware/tools/msp430/bin/../lib/gcc/msp430/4.6.3/libgcc.a(_udivmod64.o)
 .debug_aranges
                0x0000000000000724       0x14 /home/fabrizio/Downloads/energia-0101E0017/hardware/tools/msp430/bin/../lib/gcc/msp430/4.6.3/libcrt0.a(__watchdog_support.o)
 .debug_aranges
                0x0000000000000738       0x14 /home/fabrizio/Downloads/energia-0101E0017/hardware/tools/msp430/bin/../lib/gcc/msp430/4.6.3/libcrt0.a(__init_stack.o)
 .debug_aranges
                0x000000000000074c       0x14 /home/fabrizio/Downloads/energia-0101E0017/hardware/tools/msp430/bin/../lib/gcc/msp430/4.6.3/libcrt0.a(_copy_data.o)
 .debug_aranges
                0x0000000000000760       0x14 /home/fabrizio/Downloads/energia-0101E0017/hardware/tools/msp430/bin/../lib/gcc/msp430/4.6.3/libcrt0.a(_clear_bss.o)
 .debug_aranges
                0x0000000000000774       0x14 /home/fabrizio/Downloads/energia-0101E0017/hardware/tools/msp430/bin/../lib/gcc/msp430/4.6.3/libcrt0.a(_endless_loop__.o)
 .debug_aranges
                0x0000000000000788       0x14 /home/fabrizio/Downloads/energia-0101E0017/hardware/tools/msp430/bin/../lib/gcc/msp430/4.6.3/libcrt0.a(_unexpected_.o)
 .debug_aranges
                0x000000000000079c       0x14 /home/fabrizio/Downloads/energia-0101E0017/hardware/tools/msp430/bin/../lib/gcc/msp430/4.6.3/libcrt0.a(_ctors430.o)

.debug_pubnames
 *(.debug_pubnames)

.debug_info     0x0000000000000000     0xebff
 *(.debug_info)
 .debug_info    0x0000000000000000      0x578 ./LockMechCode.o
 .debug_info    0x0000000000000578     0x1653 /home/fabrizio/workspace_v6_1_3/lpmsp430g2553_IRremote/Debug/liblpmsp430g2553_IRremote.a(IRremote.o)
 .debug_info    0x0000000000001bcb      0x5f7 /home/fabrizio/workspace_v6_1_3/lpmsp430g2553_core/Debug/liblpmsp430g2553_core.a(wiring.o)
 .debug_info    0x00000000000021c2      0x763 /home/fabrizio/workspace_v6_1_3/lpmsp430g2553_core/Debug/liblpmsp430g2553_core.a(wiring_digital.o)
 .debug_info    0x0000000000002925     0x1ae5 /home/fabrizio/workspace_v6_1_3/lpmsp430g2553_core/Debug/liblpmsp430g2553_core.a(HardwareSerial.o)
 .debug_info    0x000000000000440a      0x277 /home/fabrizio/workspace_v6_1_3/lpmsp430g2553_core/Debug/liblpmsp430g2553_core.a(main.o)
 .debug_info    0x0000000000004681     0x1e3a /home/fabrizio/workspace_v6_1_3/lpmsp430g2553_core/Debug/liblpmsp430g2553_core.a(Print.o)
 .debug_info    0x00000000000064bb     0x2a47 /home/fabrizio/workspace_v6_1_3/lpmsp430g2553_core/Debug/liblpmsp430g2553_core.a(WString.o)
 .debug_info    0x0000000000008f02       0xd8 /home/fabrizio/workspace_v6_1_3/lpmsp430g2553_core/Debug/liblpmsp430g2553_core.a(atof.o)
 .debug_info    0x0000000000008fda      0x14d /home/fabrizio/workspace_v6_1_3/lpmsp430g2553_core/Debug/liblpmsp430g2553_core.a(dtostrf.o)
 .debug_info    0x0000000000009127      0x221 /home/fabrizio/workspace_v6_1_3/lpmsp430g2553_core/Debug/liblpmsp430g2553_core.a(itoa.o)
 .debug_info    0x0000000000009348      0x319 /home/fabrizio/workspace_v6_1_3/lpmsp430g2553_core/Debug/liblpmsp430g2553_core.a(usci_isr_handler.o)
 .debug_info    0x0000000000009661      0x140 /home/fabrizio/workspace_v6_1_3/lpmsp430g2553_core/Debug/liblpmsp430g2553_core.a(new.o)
 .debug_info    0x00000000000097a1      0x5cd /home/fabrizio/workspace_v6_1_3/lpmsp430g2553_core/Debug/liblpmsp430g2553_core.a(twi.o)
 .debug_info    0x0000000000009d6e      0x428 /home/fabrizio/workspace_v6_1_3/lpmsp430g2553_core/Debug/liblpmsp430g2553_core.a(twi_sw.o)
 .debug_info    0x000000000000a196      0x5ea /home/fabrizio/Downloads/energia-0101E0017/hardware/tools/msp430/bin/../lib/gcc/msp430/4.6.3/../../../../msp430/lib/libm.a(ef_pow.o)
 .debug_info    0x000000000000a780      0x1e4 /home/fabrizio/Downloads/energia-0101E0017/hardware/tools/msp430/bin/../lib/gcc/msp430/4.6.3/../../../../msp430/lib/libm.a(sf_scalbn.o)
 .debug_info    0x000000000000a964      0x208 /home/fabrizio/Downloads/energia-0101E0017/hardware/tools/msp430/bin/../lib/gcc/msp430/4.6.3/../../../../msp430/lib/libm.a(ef_sqrt.o)
 .debug_info    0x000000000000ab6c       0x8a /home/fabrizio/Downloads/energia-0101E0017/hardware/tools/msp430/bin/../lib/gcc/msp430/4.6.3/libgcc.a(_mulqi3.o)
 .debug_info    0x000000000000abf6       0x8a /home/fabrizio/Downloads/energia-0101E0017/hardware/tools/msp430/bin/../lib/gcc/msp430/4.6.3/libgcc.a(_mulhi3.o)
 .debug_info    0x000000000000ac80       0x8a /home/fabrizio/Downloads/energia-0101E0017/hardware/tools/msp430/bin/../lib/gcc/msp430/4.6.3/libgcc.a(_mulsi3.o)
 .debug_info    0x000000000000ad0a       0x8a /home/fabrizio/Downloads/energia-0101E0017/hardware/tools/msp430/bin/../lib/gcc/msp430/4.6.3/libgcc.a(_udivmod16.o)
 .debug_info    0x000000000000ad94       0x8a /home/fabrizio/Downloads/energia-0101E0017/hardware/tools/msp430/bin/../lib/gcc/msp430/4.6.3/libgcc.a(_divmod16.o)
 .debug_info    0x000000000000ae1e       0x8a /home/fabrizio/Downloads/energia-0101E0017/hardware/tools/msp430/bin/../lib/gcc/msp430/4.6.3/libgcc.a(_udivmod32.o)
 .debug_info    0x000000000000aea8       0xb5 /home/fabrizio/Downloads/energia-0101E0017/hardware/tools/msp430/bin/../lib/gcc/msp430/4.6.3/libgcc.a(_fixunssfsi.o)
 .debug_info    0x000000000000af5d      0x425 /home/fabrizio/Downloads/energia-0101E0017/hardware/tools/msp430/bin/../lib/gcc/msp430/4.6.3/libgcc.a(_addsub_sf.o)
 .debug_info    0x000000000000b382      0x3c9 /home/fabrizio/Downloads/energia-0101E0017/hardware/tools/msp430/bin/../lib/gcc/msp430/4.6.3/libgcc.a(_mul_sf.o)
 .debug_info    0x000000000000b74b      0x35c /home/fabrizio/Downloads/energia-0101E0017/hardware/tools/msp430/bin/../lib/gcc/msp430/4.6.3/libgcc.a(_div_sf.o)
 .debug_info    0x000000000000baa7      0x26e /home/fabrizio/Downloads/energia-0101E0017/hardware/tools/msp430/bin/../lib/gcc/msp430/4.6.3/libgcc.a(_gt_sf.o)
 .debug_info    0x000000000000bd15      0x26e /home/fabrizio/Downloads/energia-0101E0017/hardware/tools/msp430/bin/../lib/gcc/msp430/4.6.3/libgcc.a(_ge_sf.o)
 .debug_info    0x000000000000bf83      0x26e /home/fabrizio/Downloads/energia-0101E0017/hardware/tools/msp430/bin/../lib/gcc/msp430/4.6.3/libgcc.a(_lt_sf.o)
 .debug_info    0x000000000000c1f1      0x26e /home/fabrizio/Downloads/energia-0101E0017/hardware/tools/msp430/bin/../lib/gcc/msp430/4.6.3/libgcc.a(_le_sf.o)
 .debug_info    0x000000000000c45f      0x20b /home/fabrizio/Downloads/energia-0101E0017/hardware/tools/msp430/bin/../lib/gcc/msp430/4.6.3/libgcc.a(_si_to_sf.o)
 .debug_info    0x000000000000c66a      0x289 /home/fabrizio/Downloads/energia-0101E0017/hardware/tools/msp430/bin/../lib/gcc/msp430/4.6.3/libgcc.a(_sf_to_si.o)
 .debug_info    0x000000000000c8f3      0x144 /home/fabrizio/Downloads/energia-0101E0017/hardware/tools/msp430/bin/../lib/gcc/msp430/4.6.3/libgcc.a(_thenan_sf.o)
 .debug_info    0x000000000000ca37      0x204 /home/fabrizio/Downloads/energia-0101E0017/hardware/tools/msp430/bin/../lib/gcc/msp430/4.6.3/libgcc.a(_usi_to_sf.o)
 .debug_info    0x000000000000cc3b      0x109 /home/fabrizio/Downloads/energia-0101E0017/hardware/tools/msp430/bin/../lib/gcc/msp430/4.6.3/libgcc.a(_clzsi2.o)
 .debug_info    0x000000000000cd44      0x2b1 /home/fabrizio/Downloads/energia-0101E0017/hardware/tools/msp430/bin/../lib/gcc/msp430/4.6.3/libgcc.a(_pack_sf.o)
 .debug_info    0x000000000000cff5      0x23e /home/fabrizio/Downloads/energia-0101E0017/hardware/tools/msp430/bin/../lib/gcc/msp430/4.6.3/libgcc.a(_unpack_sf.o)
 .debug_info    0x000000000000d233      0x1d5 /home/fabrizio/Downloads/energia-0101E0017/hardware/tools/msp430/bin/../lib/gcc/msp430/4.6.3/libgcc.a(_fpcmp_parts_sf.o)
 .debug_info    0x000000000000d408       0xa0 /home/fabrizio/Downloads/energia-0101E0017/hardware/tools/msp430/bin/../lib/gcc/msp430/4.6.3/libgcc.a(_clz.o)
 .debug_info    0x000000000000d4a8       0xa7 /home/fabrizio/Downloads/energia-0101E0017/hardware/tools/msp430/bin/../lib/gcc/msp430/4.6.3/../../../../msp430/lib/libc.a(strchr.o)
 .debug_info    0x000000000000d54f       0xa4 /home/fabrizio/Downloads/energia-0101E0017/hardware/tools/msp430/bin/../lib/gcc/msp430/4.6.3/../../../../msp430/lib/libc.a(strcmp.o)
 .debug_info    0x000000000000d5f3       0xbb /home/fabrizio/Downloads/energia-0101E0017/hardware/tools/msp430/bin/../lib/gcc/msp430/4.6.3/../../../../msp430/lib/libc.a(strncmp.o)
 .debug_info    0x000000000000d6ae       0xb6 /home/fabrizio/Downloads/energia-0101E0017/hardware/tools/msp430/bin/../lib/gcc/msp430/4.6.3/../../../../msp430/lib/libc.a(strcpy.o)
 .debug_info    0x000000000000d764       0xe1 /home/fabrizio/Downloads/energia-0101E0017/hardware/tools/msp430/bin/../lib/gcc/msp430/4.6.3/../../../../msp430/lib/libc.a(strncpy.o)
 .debug_info    0x000000000000d845      0x113 /home/fabrizio/Downloads/energia-0101E0017/hardware/tools/msp430/bin/../lib/gcc/msp430/4.6.3/../../../../msp430/lib/libc.a(memcpy.o)
 .debug_info    0x000000000000d958      0x113 /home/fabrizio/Downloads/energia-0101E0017/hardware/tools/msp430/bin/../lib/gcc/msp430/4.6.3/../../../../msp430/lib/libc.a(memmove.o)
 .debug_info    0x000000000000da6b       0xb7 /home/fabrizio/Downloads/energia-0101E0017/hardware/tools/msp430/bin/../lib/gcc/msp430/4.6.3/../../../../msp430/lib/libc.a(strrchr.o)
 .debug_info    0x000000000000db22       0xe0 /home/fabrizio/Downloads/energia-0101E0017/hardware/tools/msp430/bin/../lib/gcc/msp430/4.6.3/../../../../msp430/lib/libc.a(strstr.o)
 .debug_info    0x000000000000dc02       0x95 /home/fabrizio/Downloads/energia-0101E0017/hardware/tools/msp430/bin/../lib/gcc/msp430/4.6.3/../../../../msp430/lib/libc.a(atol.o)
 .debug_info    0x000000000000dc97      0x151 /home/fabrizio/Downloads/energia-0101E0017/hardware/tools/msp430/bin/../lib/gcc/msp430/4.6.3/../../../../msp430/lib/libc.a(malloc.o)
 .debug_info    0x000000000000dde8      0x1d7 /home/fabrizio/Downloads/energia-0101E0017/hardware/tools/msp430/bin/../lib/gcc/msp430/4.6.3/../../../../msp430/lib/libc.a(strtol.o)
 .debug_info    0x000000000000dfbf      0x277 /home/fabrizio/Downloads/energia-0101E0017/hardware/tools/msp430/bin/../lib/gcc/msp430/4.6.3/../../../../msp430/lib/libc.a(sprintf.o)
 .debug_info    0x000000000000e236      0x565 /home/fabrizio/Downloads/energia-0101E0017/hardware/tools/msp430/bin/../lib/gcc/msp430/4.6.3/../../../../msp430/lib/libc.a(vuprintf.o)
 .debug_info    0x000000000000e79b       0x39 /home/fabrizio/Downloads/energia-0101E0017/hardware/tools/msp430/bin/../lib/gcc/msp430/4.6.3/../../../../msp430/lib/libc.a(errno.o)
 .debug_info    0x000000000000e7d4       0x8a /home/fabrizio/Downloads/energia-0101E0017/hardware/tools/msp430/bin/../lib/gcc/msp430/4.6.3/libgcc.a(_divmod32.o)
 .debug_info    0x000000000000e85e       0x8a /home/fabrizio/Downloads/energia-0101E0017/hardware/tools/msp430/bin/../lib/gcc/msp430/4.6.3/libgcc.a(_udivmod64.o)
 .debug_info    0x000000000000e8e8       0x71 /home/fabrizio/Downloads/energia-0101E0017/hardware/tools/msp430/bin/../lib/gcc/msp430/4.6.3/libcrt0.a(__watchdog_support.o)
 .debug_info    0x000000000000e959       0x71 /home/fabrizio/Downloads/energia-0101E0017/hardware/tools/msp430/bin/../lib/gcc/msp430/4.6.3/libcrt0.a(__init_stack.o)
 .debug_info    0x000000000000e9ca       0x71 /home/fabrizio/Downloads/energia-0101E0017/hardware/tools/msp430/bin/../lib/gcc/msp430/4.6.3/libcrt0.a(_copy_data.o)
 .debug_info    0x000000000000ea3b       0x71 /home/fabrizio/Downloads/energia-0101E0017/hardware/tools/msp430/bin/../lib/gcc/msp430/4.6.3/libcrt0.a(_clear_bss.o)
 .debug_info    0x000000000000eaac       0x71 /home/fabrizio/Downloads/energia-0101E0017/hardware/tools/msp430/bin/../lib/gcc/msp430/4.6.3/libcrt0.a(_endless_loop__.o)
 .debug_info    0x000000000000eb1d       0x71 /home/fabrizio/Downloads/energia-0101E0017/hardware/tools/msp430/bin/../lib/gcc/msp430/4.6.3/libcrt0.a(_unexpected_.o)
 .debug_info    0x000000000000eb8e       0x71 /home/fabrizio/Downloads/energia-0101E0017/hardware/tools/msp430/bin/../lib/gcc/msp430/4.6.3/libcrt0.a(_ctors430.o)
 *(.gnu.linkonce.wi.*)

.debug_abbrev   0x0000000000000000     0x3f9e
 *(.debug_abbrev)
 .debug_abbrev  0x0000000000000000      0x1b7 ./LockMechCode.o
 .debug_abbrev  0x00000000000001b7      0x3d4 /home/fabrizio/workspace_v6_1_3/lpmsp430g2553_IRremote/Debug/liblpmsp430g2553_IRremote.a(IRremote.o)
 .debug_abbrev  0x000000000000058b      0x221 /home/fabrizio/workspace_v6_1_3/lpmsp430g2553_core/Debug/liblpmsp430g2553_core.a(wiring.o)
 .debug_abbrev  0x00000000000007ac      0x15d /home/fabrizio/workspace_v6_1_3/lpmsp430g2553_core/Debug/liblpmsp430g2553_core.a(wiring_digital.o)
 .debug_abbrev  0x0000000000000909      0x46b /home/fabrizio/workspace_v6_1_3/lpmsp430g2553_core/Debug/liblpmsp430g2553_core.a(HardwareSerial.o)
 .debug_abbrev  0x0000000000000d74       0x91 /home/fabrizio/workspace_v6_1_3/lpmsp430g2553_core/Debug/liblpmsp430g2553_core.a(main.o)
 .debug_abbrev  0x0000000000000e05      0x37c /home/fabrizio/workspace_v6_1_3/lpmsp430g2553_core/Debug/liblpmsp430g2553_core.a(Print.o)
 .debug_abbrev  0x0000000000001181      0x38f /home/fabrizio/workspace_v6_1_3/lpmsp430g2553_core/Debug/liblpmsp430g2553_core.a(WString.o)
 .debug_abbrev  0x0000000000001510       0x85 /home/fabrizio/workspace_v6_1_3/lpmsp430g2553_core/Debug/liblpmsp430g2553_core.a(atof.o)
 .debug_abbrev  0x0000000000001595       0xeb /home/fabrizio/workspace_v6_1_3/lpmsp430g2553_core/Debug/liblpmsp430g2553_core.a(dtostrf.o)
 .debug_abbrev  0x0000000000001680       0xaf /home/fabrizio/workspace_v6_1_3/lpmsp430g2553_core/Debug/liblpmsp430g2553_core.a(itoa.o)
 .debug_abbrev  0x000000000000172f      0x104 /home/fabrizio/workspace_v6_1_3/lpmsp430g2553_core/Debug/liblpmsp430g2553_core.a(usci_isr_handler.o)
 .debug_abbrev  0x0000000000001833       0xee /home/fabrizio/workspace_v6_1_3/lpmsp430g2553_core/Debug/liblpmsp430g2553_core.a(new.o)
 .debug_abbrev  0x0000000000001921      0x1cd /home/fabrizio/workspace_v6_1_3/lpmsp430g2553_core/Debug/liblpmsp430g2553_core.a(twi.o)
 .debug_abbrev  0x0000000000001aee       0xfa /home/fabrizio/workspace_v6_1_3/lpmsp430g2553_core/Debug/liblpmsp430g2553_core.a(twi_sw.o)
 .debug_abbrev  0x0000000000001be8      0x140 /home/fabrizio/Downloads/energia-0101E0017/hardware/tools/msp430/bin/../lib/gcc/msp430/4.6.3/../../../../msp430/lib/libm.a(ef_pow.o)
 .debug_abbrev  0x0000000000001d28       0xf4 /home/fabrizio/Downloads/energia-0101E0017/hardware/tools/msp430/bin/../lib/gcc/msp430/4.6.3/../../../../msp430/lib/libm.a(sf_scalbn.o)
 .debug_abbrev  0x0000000000001e1c      0x14a /home/fabrizio/Downloads/energia-0101E0017/hardware/tools/msp430/bin/../lib/gcc/msp430/4.6.3/../../../../msp430/lib/libm.a(ef_sqrt.o)
 .debug_abbrev  0x0000000000001f66       0x14 /home/fabrizio/Downloads/energia-0101E0017/hardware/tools/msp430/bin/../lib/gcc/msp430/4.6.3/libgcc.a(_mulqi3.o)
 .debug_abbrev  0x0000000000001f7a       0x14 /home/fabrizio/Downloads/energia-0101E0017/hardware/tools/msp430/bin/../lib/gcc/msp430/4.6.3/libgcc.a(_mulhi3.o)
 .debug_abbrev  0x0000000000001f8e       0x14 /home/fabrizio/Downloads/energia-0101E0017/hardware/tools/msp430/bin/../lib/gcc/msp430/4.6.3/libgcc.a(_mulsi3.o)
 .debug_abbrev  0x0000000000001fa2       0x14 /home/fabrizio/Downloads/energia-0101E0017/hardware/tools/msp430/bin/../lib/gcc/msp430/4.6.3/libgcc.a(_udivmod16.o)
 .debug_abbrev  0x0000000000001fb6       0x14 /home/fabrizio/Downloads/energia-0101E0017/hardware/tools/msp430/bin/../lib/gcc/msp430/4.6.3/libgcc.a(_divmod16.o)
 .debug_abbrev  0x0000000000001fca       0x14 /home/fabrizio/Downloads/energia-0101E0017/hardware/tools/msp430/bin/../lib/gcc/msp430/4.6.3/libgcc.a(_udivmod32.o)
 .debug_abbrev  0x0000000000001fde       0x5d /home/fabrizio/Downloads/energia-0101E0017/hardware/tools/msp430/bin/../lib/gcc/msp430/4.6.3/libgcc.a(_fixunssfsi.o)
 .debug_abbrev  0x000000000000203b      0x1ab /home/fabrizio/Downloads/energia-0101E0017/hardware/tools/msp430/bin/../lib/gcc/msp430/4.6.3/libgcc.a(_addsub_sf.o)
 .debug_abbrev  0x00000000000021e6      0x1d9 /home/fabrizio/Downloads/energia-0101E0017/hardware/tools/msp430/bin/../lib/gcc/msp430/4.6.3/libgcc.a(_mul_sf.o)
 .debug_abbrev  0x00000000000023bf      0x1c4 /home/fabrizio/Downloads/energia-0101E0017/hardware/tools/msp430/bin/../lib/gcc/msp430/4.6.3/libgcc.a(_div_sf.o)
 .debug_abbrev  0x0000000000002583      0x151 /home/fabrizio/Downloads/energia-0101E0017/hardware/tools/msp430/bin/../lib/gcc/msp430/4.6.3/libgcc.a(_gt_sf.o)
 .debug_abbrev  0x00000000000026d4      0x151 /home/fabrizio/Downloads/energia-0101E0017/hardware/tools/msp430/bin/../lib/gcc/msp430/4.6.3/libgcc.a(_ge_sf.o)
 .debug_abbrev  0x0000000000002825      0x151 /home/fabrizio/Downloads/energia-0101E0017/hardware/tools/msp430/bin/../lib/gcc/msp430/4.6.3/libgcc.a(_lt_sf.o)
 .debug_abbrev  0x0000000000002976      0x151 /home/fabrizio/Downloads/energia-0101E0017/hardware/tools/msp430/bin/../lib/gcc/msp430/4.6.3/libgcc.a(_le_sf.o)
 .debug_abbrev  0x0000000000002ac7      0x164 /home/fabrizio/Downloads/energia-0101E0017/hardware/tools/msp430/bin/../lib/gcc/msp430/4.6.3/libgcc.a(_si_to_sf.o)
 .debug_abbrev  0x0000000000002c2b      0x160 /home/fabrizio/Downloads/energia-0101E0017/hardware/tools/msp430/bin/../lib/gcc/msp430/4.6.3/libgcc.a(_sf_to_si.o)
 .debug_abbrev  0x0000000000002d8b       0xba /home/fabrizio/Downloads/energia-0101E0017/hardware/tools/msp430/bin/../lib/gcc/msp430/4.6.3/libgcc.a(_thenan_sf.o)
 .debug_abbrev  0x0000000000002e45      0x173 /home/fabrizio/Downloads/energia-0101E0017/hardware/tools/msp430/bin/../lib/gcc/msp430/4.6.3/libgcc.a(_usi_to_sf.o)
 .debug_abbrev  0x0000000000002fb8       0xac /home/fabrizio/Downloads/energia-0101E0017/hardware/tools/msp430/bin/../lib/gcc/msp430/4.6.3/libgcc.a(_clzsi2.o)
 .debug_abbrev  0x0000000000003064      0x192 /home/fabrizio/Downloads/energia-0101E0017/hardware/tools/msp430/bin/../lib/gcc/msp430/4.6.3/libgcc.a(_pack_sf.o)
 .debug_abbrev  0x00000000000031f6      0x15a /home/fabrizio/Downloads/energia-0101E0017/hardware/tools/msp430/bin/../lib/gcc/msp430/4.6.3/libgcc.a(_unpack_sf.o)
 .debug_abbrev  0x0000000000003350      0x10b /home/fabrizio/Downloads/energia-0101E0017/hardware/tools/msp430/bin/../lib/gcc/msp430/4.6.3/libgcc.a(_fpcmp_parts_sf.o)
 .debug_abbrev  0x000000000000345b       0x61 /home/fabrizio/Downloads/energia-0101E0017/hardware/tools/msp430/bin/../lib/gcc/msp430/4.6.3/libgcc.a(_clz.o)
 .debug_abbrev  0x00000000000034bc       0x6f /home/fabrizio/Downloads/energia-0101E0017/hardware/tools/msp430/bin/../lib/gcc/msp430/4.6.3/../../../../msp430/lib/libc.a(strchr.o)
 .debug_abbrev  0x000000000000352b       0x60 /home/fabrizio/Downloads/energia-0101E0017/hardware/tools/msp430/bin/../lib/gcc/msp430/4.6.3/../../../../msp430/lib/libc.a(strcmp.o)
 .debug_abbrev  0x000000000000358b       0x7c /home/fabrizio/Downloads/energia-0101E0017/hardware/tools/msp430/bin/../lib/gcc/msp430/4.6.3/../../../../msp430/lib/libc.a(strncmp.o)
 .debug_abbrev  0x0000000000003607       0x7e /home/fabrizio/Downloads/energia-0101E0017/hardware/tools/msp430/bin/../lib/gcc/msp430/4.6.3/../../../../msp430/lib/libc.a(strcpy.o)
 .debug_abbrev  0x0000000000003685       0x94 /home/fabrizio/Downloads/energia-0101E0017/hardware/tools/msp430/bin/../lib/gcc/msp430/4.6.3/../../../../msp430/lib/libc.a(strncpy.o)
 .debug_abbrev  0x0000000000003719       0x97 /home/fabrizio/Downloads/energia-0101E0017/hardware/tools/msp430/bin/../lib/gcc/msp430/4.6.3/../../../../msp430/lib/libc.a(memcpy.o)
 .debug_abbrev  0x00000000000037b0       0x97 /home/fabrizio/Downloads/energia-0101E0017/hardware/tools/msp430/bin/../lib/gcc/msp430/4.6.3/../../../../msp430/lib/libc.a(memmove.o)
 .debug_abbrev  0x0000000000003847       0x7e /home/fabrizio/Downloads/energia-0101E0017/hardware/tools/msp430/bin/../lib/gcc/msp430/4.6.3/../../../../msp430/lib/libc.a(strrchr.o)
 .debug_abbrev  0x00000000000038c5       0x8b /home/fabrizio/Downloads/energia-0101E0017/hardware/tools/msp430/bin/../lib/gcc/msp430/4.6.3/../../../../msp430/lib/libc.a(strstr.o)
 .debug_abbrev  0x0000000000003950       0x60 /home/fabrizio/Downloads/energia-0101E0017/hardware/tools/msp430/bin/../lib/gcc/msp430/4.6.3/../../../../msp430/lib/libc.a(atol.o)
 .debug_abbrev  0x00000000000039b0      0x104 /home/fabrizio/Downloads/energia-0101E0017/hardware/tools/msp430/bin/../lib/gcc/msp430/4.6.3/../../../../msp430/lib/libc.a(malloc.o)
 .debug_abbrev  0x0000000000003ab4      0x112 /home/fabrizio/Downloads/energia-0101E0017/hardware/tools/msp430/bin/../lib/gcc/msp430/4.6.3/../../../../msp430/lib/libc.a(strtol.o)
 .debug_abbrev  0x0000000000003bc6      0x105 /home/fabrizio/Downloads/energia-0101E0017/hardware/tools/msp430/bin/../lib/gcc/msp430/4.6.3/../../../../msp430/lib/libc.a(sprintf.o)
 .debug_abbrev  0x0000000000003ccb      0x1ef /home/fabrizio/Downloads/energia-0101E0017/hardware/tools/msp430/bin/../lib/gcc/msp430/4.6.3/../../../../msp430/lib/libc.a(vuprintf.o)
 .debug_abbrev  0x0000000000003eba       0x30 /home/fabrizio/Downloads/energia-0101E0017/hardware/tools/msp430/bin/../lib/gcc/msp430/4.6.3/../../../../msp430/lib/libc.a(errno.o)
 .debug_abbrev  0x0000000000003eea       0x14 /home/fabrizio/Downloads/energia-0101E0017/hardware/tools/msp430/bin/../lib/gcc/msp430/4.6.3/libgcc.a(_divmod32.o)
 .debug_abbrev  0x0000000000003efe       0x14 /home/fabrizio/Downloads/energia-0101E0017/hardware/tools/msp430/bin/../lib/gcc/msp430/4.6.3/libgcc.a(_udivmod64.o)
 .debug_abbrev  0x0000000000003f12       0x14 /home/fabrizio/Downloads/energia-0101E0017/hardware/tools/msp430/bin/../lib/gcc/msp430/4.6.3/libcrt0.a(__watchdog_support.o)
 .debug_abbrev  0x0000000000003f26       0x14 /home/fabrizio/Downloads/energia-0101E0017/hardware/tools/msp430/bin/../lib/gcc/msp430/4.6.3/libcrt0.a(__init_stack.o)
 .debug_abbrev  0x0000000000003f3a       0x14 /home/fabrizio/Downloads/energia-0101E0017/hardware/tools/msp430/bin/../lib/gcc/msp430/4.6.3/libcrt0.a(_copy_data.o)
 .debug_abbrev  0x0000000000003f4e       0x14 /home/fabrizio/Downloads/energia-0101E0017/hardware/tools/msp430/bin/../lib/gcc/msp430/4.6.3/libcrt0.a(_clear_bss.o)
 .debug_abbrev  0x0000000000003f62       0x14 /home/fabrizio/Downloads/energia-0101E0017/hardware/tools/msp430/bin/../lib/gcc/msp430/4.6.3/libcrt0.a(_endless_loop__.o)
 .debug_abbrev  0x0000000000003f76       0x14 /home/fabrizio/Downloads/energia-0101E0017/hardware/tools/msp430/bin/../lib/gcc/msp430/4.6.3/libcrt0.a(_unexpected_.o)
 .debug_abbrev  0x0000000000003f8a       0x14 /home/fabrizio/Downloads/energia-0101E0017/hardware/tools/msp430/bin/../lib/gcc/msp430/4.6.3/libcrt0.a(_ctors430.o)

.debug_line     0x0000000000000000     0x4773
 *(.debug_line)
 .debug_line    0x0000000000000000      0x242 ./LockMechCode.o
 .debug_line    0x0000000000000242      0x5d6 /home/fabrizio/workspace_v6_1_3/lpmsp430g2553_IRremote/Debug/liblpmsp430g2553_IRremote.a(IRremote.o)
 .debug_line    0x0000000000000818      0x2cf /home/fabrizio/workspace_v6_1_3/lpmsp430g2553_core/Debug/liblpmsp430g2553_core.a(wiring.o)
 .debug_line    0x0000000000000ae7      0x202 /home/fabrizio/workspace_v6_1_3/lpmsp430g2553_core/Debug/liblpmsp430g2553_core.a(wiring_digital.o)
 .debug_line    0x0000000000000ce9      0x33c /home/fabrizio/workspace_v6_1_3/lpmsp430g2553_core/Debug/liblpmsp430g2553_core.a(HardwareSerial.o)
 .debug_line    0x0000000000001025      0x167 /home/fabrizio/workspace_v6_1_3/lpmsp430g2553_core/Debug/liblpmsp430g2553_core.a(main.o)
 .debug_line    0x000000000000118c      0x3e2 /home/fabrizio/workspace_v6_1_3/lpmsp430g2553_core/Debug/liblpmsp430g2553_core.a(Print.o)
 .debug_line    0x000000000000156e      0x7e5 /home/fabrizio/workspace_v6_1_3/lpmsp430g2553_core/Debug/liblpmsp430g2553_core.a(WString.o)
 .debug_line    0x0000000000001d53       0xd9 /home/fabrizio/workspace_v6_1_3/lpmsp430g2553_core/Debug/liblpmsp430g2553_core.a(atof.o)
 .debug_line    0x0000000000001e2c      0x123 /home/fabrizio/workspace_v6_1_3/lpmsp430g2553_core/Debug/liblpmsp430g2553_core.a(dtostrf.o)
 .debug_line    0x0000000000001f4f       0xf4 /home/fabrizio/workspace_v6_1_3/lpmsp430g2553_core/Debug/liblpmsp430g2553_core.a(itoa.o)
 .debug_line    0x0000000000002043      0x1c8 /home/fabrizio/workspace_v6_1_3/lpmsp430g2553_core/Debug/liblpmsp430g2553_core.a(usci_isr_handler.o)
 .debug_line    0x000000000000220b      0x13c /home/fabrizio/workspace_v6_1_3/lpmsp430g2553_core/Debug/liblpmsp430g2553_core.a(new.o)
 .debug_line    0x0000000000002347      0x2d7 /home/fabrizio/workspace_v6_1_3/lpmsp430g2553_core/Debug/liblpmsp430g2553_core.a(twi.o)
 .debug_line    0x000000000000261e      0x22c /home/fabrizio/workspace_v6_1_3/lpmsp430g2553_core/Debug/liblpmsp430g2553_core.a(twi_sw.o)
 .debug_line    0x000000000000284a      0x1c6 /home/fabrizio/Downloads/energia-0101E0017/hardware/tools/msp430/bin/../lib/gcc/msp430/4.6.3/../../../../msp430/lib/libm.a(ef_pow.o)
 .debug_line    0x0000000000002a10       0x97 /home/fabrizio/Downloads/energia-0101E0017/hardware/tools/msp430/bin/../lib/gcc/msp430/4.6.3/../../../../msp430/lib/libm.a(sf_scalbn.o)
 .debug_line    0x0000000000002aa7       0xb7 /home/fabrizio/Downloads/energia-0101E0017/hardware/tools/msp430/bin/../lib/gcc/msp430/4.6.3/../../../../msp430/lib/libm.a(ef_sqrt.o)
 .debug_line    0x0000000000002b5e       0x6d /home/fabrizio/Downloads/energia-0101E0017/hardware/tools/msp430/bin/../lib/gcc/msp430/4.6.3/libgcc.a(_mulqi3.o)
 .debug_line    0x0000000000002bcb       0x6e /home/fabrizio/Downloads/energia-0101E0017/hardware/tools/msp430/bin/../lib/gcc/msp430/4.6.3/libgcc.a(_mulhi3.o)
 .debug_line    0x0000000000002c39       0x78 /home/fabrizio/Downloads/energia-0101E0017/hardware/tools/msp430/bin/../lib/gcc/msp430/4.6.3/libgcc.a(_mulsi3.o)
 .debug_line    0x0000000000002cb1       0x71 /home/fabrizio/Downloads/energia-0101E0017/hardware/tools/msp430/bin/../lib/gcc/msp430/4.6.3/libgcc.a(_udivmod16.o)
 .debug_line    0x0000000000002d22       0x7c /home/fabrizio/Downloads/energia-0101E0017/hardware/tools/msp430/bin/../lib/gcc/msp430/4.6.3/libgcc.a(_divmod16.o)
 .debug_line    0x0000000000002d9e       0x80 /home/fabrizio/Downloads/energia-0101E0017/hardware/tools/msp430/bin/../lib/gcc/msp430/4.6.3/libgcc.a(_udivmod32.o)
 .debug_line    0x0000000000002e1e       0x69 /home/fabrizio/Downloads/energia-0101E0017/hardware/tools/msp430/bin/../lib/gcc/msp430/4.6.3/libgcc.a(_fixunssfsi.o)
 .debug_line    0x0000000000002e87      0x111 /home/fabrizio/Downloads/energia-0101E0017/hardware/tools/msp430/bin/../lib/gcc/msp430/4.6.3/libgcc.a(_addsub_sf.o)
 .debug_line    0x0000000000002f98      0x109 /home/fabrizio/Downloads/energia-0101E0017/hardware/tools/msp430/bin/../lib/gcc/msp430/4.6.3/libgcc.a(_mul_sf.o)
 .debug_line    0x00000000000030a1       0xcb /home/fabrizio/Downloads/energia-0101E0017/hardware/tools/msp430/bin/../lib/gcc/msp430/4.6.3/libgcc.a(_div_sf.o)
 .debug_line    0x000000000000316c       0x83 /home/fabrizio/Downloads/energia-0101E0017/hardware/tools/msp430/bin/../lib/gcc/msp430/4.6.3/libgcc.a(_gt_sf.o)
 .debug_line    0x00000000000031ef       0x83 /home/fabrizio/Downloads/energia-0101E0017/hardware/tools/msp430/bin/../lib/gcc/msp430/4.6.3/libgcc.a(_ge_sf.o)
 .debug_line    0x0000000000003272       0x83 /home/fabrizio/Downloads/energia-0101E0017/hardware/tools/msp430/bin/../lib/gcc/msp430/4.6.3/libgcc.a(_lt_sf.o)
 .debug_line    0x00000000000032f5       0x83 /home/fabrizio/Downloads/energia-0101E0017/hardware/tools/msp430/bin/../lib/gcc/msp430/4.6.3/libgcc.a(_le_sf.o)
 .debug_line    0x0000000000003378       0x9b /home/fabrizio/Downloads/energia-0101E0017/hardware/tools/msp430/bin/../lib/gcc/msp430/4.6.3/libgcc.a(_si_to_sf.o)
 .debug_line    0x0000000000003413       0x91 /home/fabrizio/Downloads/energia-0101E0017/hardware/tools/msp430/bin/../lib/gcc/msp430/4.6.3/libgcc.a(_sf_to_si.o)
 .debug_line    0x00000000000034a4       0x66 /home/fabrizio/Downloads/energia-0101E0017/hardware/tools/msp430/bin/../lib/gcc/msp430/4.6.3/libgcc.a(_thenan_sf.o)
 .debug_line    0x000000000000350a       0x98 /home/fabrizio/Downloads/energia-0101E0017/hardware/tools/msp430/bin/../lib/gcc/msp430/4.6.3/libgcc.a(_usi_to_sf.o)
 .debug_line    0x00000000000035a2       0x93 /home/fabrizio/Downloads/energia-0101E0017/hardware/tools/msp430/bin/../lib/gcc/msp430/4.6.3/libgcc.a(_clzsi2.o)
 .debug_line    0x0000000000003635       0xd4 /home/fabrizio/Downloads/energia-0101E0017/hardware/tools/msp430/bin/../lib/gcc/msp430/4.6.3/libgcc.a(_pack_sf.o)
 .debug_line    0x0000000000003709       0xaf /home/fabrizio/Downloads/energia-0101E0017/hardware/tools/msp430/bin/../lib/gcc/msp430/4.6.3/libgcc.a(_unpack_sf.o)
 .debug_line    0x00000000000037b8       0xba /home/fabrizio/Downloads/energia-0101E0017/hardware/tools/msp430/bin/../lib/gcc/msp430/4.6.3/libgcc.a(_fpcmp_parts_sf.o)
 .debug_line    0x0000000000003872       0x55 /home/fabrizio/Downloads/energia-0101E0017/hardware/tools/msp430/bin/../lib/gcc/msp430/4.6.3/libgcc.a(_clz.o)
 .debug_line    0x00000000000038c7       0x44 /home/fabrizio/Downloads/energia-0101E0017/hardware/tools/msp430/bin/../lib/gcc/msp430/4.6.3/../../../../msp430/lib/libc.a(strchr.o)
 .debug_line    0x000000000000390b       0x49 /home/fabrizio/Downloads/energia-0101E0017/hardware/tools/msp430/bin/../lib/gcc/msp430/4.6.3/../../../../msp430/lib/libc.a(strcmp.o)
 .debug_line    0x0000000000003954       0x95 /home/fabrizio/Downloads/energia-0101E0017/hardware/tools/msp430/bin/../lib/gcc/msp430/4.6.3/../../../../msp430/lib/libc.a(strncmp.o)
 .debug_line    0x00000000000039e9       0x4d /home/fabrizio/Downloads/energia-0101E0017/hardware/tools/msp430/bin/../lib/gcc/msp430/4.6.3/../../../../msp430/lib/libc.a(strcpy.o)
 .debug_line    0x0000000000003a36       0x98 /home/fabrizio/Downloads/energia-0101E0017/hardware/tools/msp430/bin/../lib/gcc/msp430/4.6.3/../../../../msp430/lib/libc.a(strncpy.o)
 .debug_line    0x0000000000003ace      0x109 /home/fabrizio/Downloads/energia-0101E0017/hardware/tools/msp430/bin/../lib/gcc/msp430/4.6.3/../../../../msp430/lib/libc.a(memcpy.o)
 .debug_line    0x0000000000003bd7      0x109 /home/fabrizio/Downloads/energia-0101E0017/hardware/tools/msp430/bin/../lib/gcc/msp430/4.6.3/../../../../msp430/lib/libc.a(memmove.o)
 .debug_line    0x0000000000003ce0       0x47 /home/fabrizio/Downloads/energia-0101E0017/hardware/tools/msp430/bin/../lib/gcc/msp430/4.6.3/../../../../msp430/lib/libc.a(strrchr.o)
 .debug_line    0x0000000000003d27       0x99 /home/fabrizio/Downloads/energia-0101E0017/hardware/tools/msp430/bin/../lib/gcc/msp430/4.6.3/../../../../msp430/lib/libc.a(strstr.o)
 .debug_line    0x0000000000003dc0       0x3d /home/fabrizio/Downloads/energia-0101E0017/hardware/tools/msp430/bin/../lib/gcc/msp430/4.6.3/../../../../msp430/lib/libc.a(atol.o)
 .debug_line    0x0000000000003dfd       0xe1 /home/fabrizio/Downloads/energia-0101E0017/hardware/tools/msp430/bin/../lib/gcc/msp430/4.6.3/../../../../msp430/lib/libc.a(malloc.o)
 .debug_line    0x0000000000003ede      0x10b /home/fabrizio/Downloads/energia-0101E0017/hardware/tools/msp430/bin/../lib/gcc/msp430/4.6.3/../../../../msp430/lib/libc.a(strtol.o)
 .debug_line    0x0000000000003fe9       0xbc /home/fabrizio/Downloads/energia-0101E0017/hardware/tools/msp430/bin/../lib/gcc/msp430/4.6.3/../../../../msp430/lib/libc.a(sprintf.o)
 .debug_line    0x00000000000040a5      0x2f2 /home/fabrizio/Downloads/energia-0101E0017/hardware/tools/msp430/bin/../lib/gcc/msp430/4.6.3/../../../../msp430/lib/libc.a(vuprintf.o)
 .debug_line    0x0000000000004397       0x31 /home/fabrizio/Downloads/energia-0101E0017/hardware/tools/msp430/bin/../lib/gcc/msp430/4.6.3/../../../../msp430/lib/libc.a(errno.o)
 .debug_line    0x00000000000043c8       0x85 /home/fabrizio/Downloads/energia-0101E0017/hardware/tools/msp430/bin/../lib/gcc/msp430/4.6.3/libgcc.a(_divmod32.o)
 .debug_line    0x000000000000444d       0xc6 /home/fabrizio/Downloads/energia-0101E0017/hardware/tools/msp430/bin/../lib/gcc/msp430/4.6.3/libgcc.a(_udivmod64.o)
 .debug_line    0x0000000000004513       0x56 /home/fabrizio/Downloads/energia-0101E0017/hardware/tools/msp430/bin/../lib/gcc/msp430/4.6.3/libcrt0.a(__watchdog_support.o)
 .debug_line    0x0000000000004569       0x54 /home/fabrizio/Downloads/energia-0101E0017/hardware/tools/msp430/bin/../lib/gcc/msp430/4.6.3/libcrt0.a(__init_stack.o)
 .debug_line    0x00000000000045bd       0x5a /home/fabrizio/Downloads/energia-0101E0017/hardware/tools/msp430/bin/../lib/gcc/msp430/4.6.3/libcrt0.a(_copy_data.o)
 .debug_line    0x0000000000004617       0x5a /home/fabrizio/Downloads/energia-0101E0017/hardware/tools/msp430/bin/../lib/gcc/msp430/4.6.3/libcrt0.a(_clear_bss.o)
 .debug_line    0x0000000000004671       0x55 /home/fabrizio/Downloads/energia-0101E0017/hardware/tools/msp430/bin/../lib/gcc/msp430/4.6.3/libcrt0.a(_endless_loop__.o)
 .debug_line    0x00000000000046c6       0x54 /home/fabrizio/Downloads/energia-0101E0017/hardware/tools/msp430/bin/../lib/gcc/msp430/4.6.3/libcrt0.a(_unexpected_.o)
 .debug_line    0x000000000000471a       0x59 /home/fabrizio/Downloads/energia-0101E0017/hardware/tools/msp430/bin/../lib/gcc/msp430/4.6.3/libcrt0.a(_ctors430.o)

.debug_frame    0x0000000000000000     0x1ef6
 *(.debug_frame)
 .debug_frame   0x0000000000000000       0x36 ./LockMechCode.o
 .debug_frame   0x0000000000000036      0x52e /home/fabrizio/workspace_v6_1_3/lpmsp430g2553_IRremote/Debug/liblpmsp430g2553_IRremote.a(IRremote.o)
 .debug_frame   0x0000000000000564      0x154 /home/fabrizio/workspace_v6_1_3/lpmsp430g2553_core/Debug/liblpmsp430g2553_core.a(wiring.o)
 .debug_frame   0x00000000000006b8       0x94 /home/fabrizio/workspace_v6_1_3/lpmsp430g2553_core/Debug/liblpmsp430g2553_core.a(wiring_digital.o)
 .debug_frame   0x000000000000074c       0xe6 /home/fabrizio/workspace_v6_1_3/lpmsp430g2553_core/Debug/liblpmsp430g2553_core.a(HardwareSerial.o)
 .debug_frame   0x0000000000000832       0x1e /home/fabrizio/workspace_v6_1_3/lpmsp430g2553_core/Debug/liblpmsp430g2553_core.a(main.o)
 .debug_frame   0x0000000000000850      0x32a /home/fabrizio/workspace_v6_1_3/lpmsp430g2553_core/Debug/liblpmsp430g2553_core.a(Print.o)
 .debug_frame   0x0000000000000b7a      0x7dc /home/fabrizio/workspace_v6_1_3/lpmsp430g2553_core/Debug/liblpmsp430g2553_core.a(WString.o)
 .debug_frame   0x0000000000001356       0x6e /home/fabrizio/workspace_v6_1_3/lpmsp430g2553_core/Debug/liblpmsp430g2553_core.a(atof.o)
 .debug_frame   0x00000000000013c4       0x82 /home/fabrizio/workspace_v6_1_3/lpmsp430g2553_core/Debug/liblpmsp430g2553_core.a(dtostrf.o)
 .debug_frame   0x0000000000001446       0xec /home/fabrizio/workspace_v6_1_3/lpmsp430g2553_core/Debug/liblpmsp430g2553_core.a(itoa.o)
 .debug_frame   0x0000000000001532       0x7e /home/fabrizio/workspace_v6_1_3/lpmsp430g2553_core/Debug/liblpmsp430g2553_core.a(usci_isr_handler.o)
 .debug_frame   0x00000000000015b0       0x5a /home/fabrizio/workspace_v6_1_3/lpmsp430g2553_core/Debug/liblpmsp430g2553_core.a(new.o)
 .debug_frame   0x000000000000160a       0xce /home/fabrizio/workspace_v6_1_3/lpmsp430g2553_core/Debug/liblpmsp430g2553_core.a(twi.o)
 .debug_frame   0x00000000000016d8      0x10e /home/fabrizio/workspace_v6_1_3/lpmsp430g2553_core/Debug/liblpmsp430g2553_core.a(twi_sw.o)
 .debug_frame   0x00000000000017e6       0x56 /home/fabrizio/Downloads/energia-0101E0017/hardware/tools/msp430/bin/../lib/gcc/msp430/4.6.3/../../../../msp430/lib/libm.a(ef_pow.o)
 .debug_frame   0x000000000000183c       0x44 /home/fabrizio/Downloads/energia-0101E0017/hardware/tools/msp430/bin/../lib/gcc/msp430/4.6.3/../../../../msp430/lib/libm.a(sf_scalbn.o)
 .debug_frame   0x0000000000001880       0x62 /home/fabrizio/Downloads/energia-0101E0017/hardware/tools/msp430/bin/../lib/gcc/msp430/4.6.3/../../../../msp430/lib/libm.a(ef_sqrt.o)
 .debug_frame   0x00000000000018e2       0x28 /home/fabrizio/Downloads/energia-0101E0017/hardware/tools/msp430/bin/../lib/gcc/msp430/4.6.3/libgcc.a(_fixunssfsi.o)
 .debug_frame   0x000000000000190a       0x6a /home/fabrizio/Downloads/energia-0101E0017/hardware/tools/msp430/bin/../lib/gcc/msp430/4.6.3/libgcc.a(_addsub_sf.o)
 .debug_frame   0x0000000000001974       0x4a /home/fabrizio/Downloads/energia-0101E0017/hardware/tools/msp430/bin/../lib/gcc/msp430/4.6.3/libgcc.a(_mul_sf.o)
 .debug_frame   0x00000000000019be       0x3a /home/fabrizio/Downloads/energia-0101E0017/hardware/tools/msp430/bin/../lib/gcc/msp430/4.6.3/libgcc.a(_div_sf.o)
 .debug_frame   0x00000000000019f8       0x22 /home/fabrizio/Downloads/energia-0101E0017/hardware/tools/msp430/bin/../lib/gcc/msp430/4.6.3/libgcc.a(_gt_sf.o)
 .debug_frame   0x0000000000001a1a       0x22 /home/fabrizio/Downloads/energia-0101E0017/hardware/tools/msp430/bin/../lib/gcc/msp430/4.6.3/libgcc.a(_ge_sf.o)
 .debug_frame   0x0000000000001a3c       0x22 /home/fabrizio/Downloads/energia-0101E0017/hardware/tools/msp430/bin/../lib/gcc/msp430/4.6.3/libgcc.a(_lt_sf.o)
 .debug_frame   0x0000000000001a5e       0x22 /home/fabrizio/Downloads/energia-0101E0017/hardware/tools/msp430/bin/../lib/gcc/msp430/4.6.3/libgcc.a(_le_sf.o)
 .debug_frame   0x0000000000001a80       0x2c /home/fabrizio/Downloads/energia-0101E0017/hardware/tools/msp430/bin/../lib/gcc/msp430/4.6.3/libgcc.a(_si_to_sf.o)
 .debug_frame   0x0000000000001aac       0x22 /home/fabrizio/Downloads/energia-0101E0017/hardware/tools/msp430/bin/../lib/gcc/msp430/4.6.3/libgcc.a(_sf_to_si.o)
 .debug_frame   0x0000000000001ace       0x36 /home/fabrizio/Downloads/energia-0101E0017/hardware/tools/msp430/bin/../lib/gcc/msp430/4.6.3/libgcc.a(_usi_to_sf.o)
 .debug_frame   0x0000000000001b04       0x2e /home/fabrizio/Downloads/energia-0101E0017/hardware/tools/msp430/bin/../lib/gcc/msp430/4.6.3/libgcc.a(_clzsi2.o)
 .debug_frame   0x0000000000001b32       0x38 /home/fabrizio/Downloads/energia-0101E0017/hardware/tools/msp430/bin/../lib/gcc/msp430/4.6.3/libgcc.a(_pack_sf.o)
 .debug_frame   0x0000000000001b6a       0x28 /home/fabrizio/Downloads/energia-0101E0017/hardware/tools/msp430/bin/../lib/gcc/msp430/4.6.3/libgcc.a(_unpack_sf.o)
 .debug_frame   0x0000000000001b92       0x24 /home/fabrizio/Downloads/energia-0101E0017/hardware/tools/msp430/bin/../lib/gcc/msp430/4.6.3/libgcc.a(_fpcmp_parts_sf.o)
 .debug_frame   0x0000000000001bb6       0x1e /home/fabrizio/Downloads/energia-0101E0017/hardware/tools/msp430/bin/../lib/gcc/msp430/4.6.3/../../../../msp430/lib/libc.a(strchr.o)
 .debug_frame   0x0000000000001bd4       0x1e /home/fabrizio/Downloads/energia-0101E0017/hardware/tools/msp430/bin/../lib/gcc/msp430/4.6.3/../../../../msp430/lib/libc.a(strcmp.o)
 .debug_frame   0x0000000000001bf2       0x24 /home/fabrizio/Downloads/energia-0101E0017/hardware/tools/msp430/bin/../lib/gcc/msp430/4.6.3/../../../../msp430/lib/libc.a(strncmp.o)
 .debug_frame   0x0000000000001c16       0x1e /home/fabrizio/Downloads/energia-0101E0017/hardware/tools/msp430/bin/../lib/gcc/msp430/4.6.3/../../../../msp430/lib/libc.a(strcpy.o)
 .debug_frame   0x0000000000001c34       0x24 /home/fabrizio/Downloads/energia-0101E0017/hardware/tools/msp430/bin/../lib/gcc/msp430/4.6.3/../../../../msp430/lib/libc.a(strncpy.o)
 .debug_frame   0x0000000000001c58       0x38 /home/fabrizio/Downloads/energia-0101E0017/hardware/tools/msp430/bin/../lib/gcc/msp430/4.6.3/../../../../msp430/lib/libc.a(memcpy.o)
 .debug_frame   0x0000000000001c90       0x38 /home/fabrizio/Downloads/energia-0101E0017/hardware/tools/msp430/bin/../lib/gcc/msp430/4.6.3/../../../../msp430/lib/libc.a(memmove.o)
 .debug_frame   0x0000000000001cc8       0x24 /home/fabrizio/Downloads/energia-0101E0017/hardware/tools/msp430/bin/../lib/gcc/msp430/4.6.3/../../../../msp430/lib/libc.a(strrchr.o)
 .debug_frame   0x0000000000001cec       0x38 /home/fabrizio/Downloads/energia-0101E0017/hardware/tools/msp430/bin/../lib/gcc/msp430/4.6.3/../../../../msp430/lib/libc.a(strstr.o)
 .debug_frame   0x0000000000001d24       0x1e /home/fabrizio/Downloads/energia-0101E0017/hardware/tools/msp430/bin/../lib/gcc/msp430/4.6.3/../../../../msp430/lib/libc.a(atol.o)
 .debug_frame   0x0000000000001d42       0x52 /home/fabrizio/Downloads/energia-0101E0017/hardware/tools/msp430/bin/../lib/gcc/msp430/4.6.3/../../../../msp430/lib/libc.a(malloc.o)
 .debug_frame   0x0000000000001d94       0x4a /home/fabrizio/Downloads/energia-0101E0017/hardware/tools/msp430/bin/../lib/gcc/msp430/4.6.3/../../../../msp430/lib/libc.a(strtol.o)
 .debug_frame   0x0000000000001dde       0x68 /home/fabrizio/Downloads/energia-0101E0017/hardware/tools/msp430/bin/../lib/gcc/msp430/4.6.3/../../../../msp430/lib/libc.a(sprintf.o)
 .debug_frame   0x0000000000001e46       0xb0 /home/fabrizio/Downloads/energia-0101E0017/hardware/tools/msp430/bin/../lib/gcc/msp430/4.6.3/../../../../msp430/lib/libc.a(vuprintf.o)

.debug_str      0x0000000000000000     0x2dba
 *(.debug_str)
 .debug_str     0x0000000000000000      0x441 ./LockMechCode.o
                                        0x4b7 (size before relaxing)
 .debug_str     0x0000000000000441      0x313 /home/fabrizio/workspace_v6_1_3/lpmsp430g2553_IRremote/Debug/liblpmsp430g2553_IRremote.a(IRremote.o)
                                        0x72b (size before relaxing)
 .debug_str     0x0000000000000754      0x1f5 /home/fabrizio/workspace_v6_1_3/lpmsp430g2553_core/Debug/liblpmsp430g2553_core.a(wiring.o)
                                        0x3ca (size before relaxing)
 .debug_str     0x0000000000000949      0x23b /home/fabrizio/workspace_v6_1_3/lpmsp430g2553_core/Debug/liblpmsp430g2553_core.a(wiring_digital.o)
                                        0x454 (size before relaxing)
 .debug_str     0x0000000000000b84      0xdef /home/fabrizio/workspace_v6_1_3/lpmsp430g2553_core/Debug/liblpmsp430g2553_core.a(HardwareSerial.o)
                                       0x10a4 (size before relaxing)
 .debug_str     0x0000000000001973       0x56 /home/fabrizio/workspace_v6_1_3/lpmsp430g2553_core/Debug/liblpmsp430g2553_core.a(main.o)
                                        0x222 (size before relaxing)
 .debug_str     0x00000000000019c9      0x3e1 /home/fabrizio/workspace_v6_1_3/lpmsp430g2553_core/Debug/liblpmsp430g2553_core.a(Print.o)
                                        0xe91 (size before relaxing)
 .debug_str     0x0000000000001daa      0x251 /home/fabrizio/workspace_v6_1_3/lpmsp430g2553_core/Debug/liblpmsp430g2553_core.a(WString.o)
                                        0xc29 (size before relaxing)
 .debug_str     0x0000000000001ffb       0x6b /home/fabrizio/workspace_v6_1_3/lpmsp430g2553_core/Debug/liblpmsp430g2553_core.a(atof.o)
                                         0xc4 (size before relaxing)
 .debug_str     0x0000000000002066       0x77 /home/fabrizio/workspace_v6_1_3/lpmsp430g2553_core/Debug/liblpmsp430g2553_core.a(dtostrf.o)
                                        0x196 (size before relaxing)
 .debug_str     0x00000000000020dd       0x65 /home/fabrizio/workspace_v6_1_3/lpmsp430g2553_core/Debug/liblpmsp430g2553_core.a(itoa.o)
                                        0x130 (size before relaxing)
 .debug_str     0x0000000000002142       0xbe /home/fabrizio/workspace_v6_1_3/lpmsp430g2553_core/Debug/liblpmsp430g2553_core.a(usci_isr_handler.o)
                                        0x278 (size before relaxing)
 .debug_str     0x0000000000002200       0xb2 /home/fabrizio/workspace_v6_1_3/lpmsp430g2553_core/Debug/liblpmsp430g2553_core.a(new.o)
                                        0x191 (size before relaxing)
 .debug_str     0x00000000000022b2      0x208 /home/fabrizio/workspace_v6_1_3/lpmsp430g2553_core/Debug/liblpmsp430g2553_core.a(twi.o)
                                        0x3ca (size before relaxing)
 .debug_str     0x00000000000024ba       0xdf /home/fabrizio/workspace_v6_1_3/lpmsp430g2553_core/Debug/liblpmsp430g2553_core.a(twi_sw.o)
                                        0x289 (size before relaxing)
 .debug_str     0x0000000000002599       0xd8 /home/fabrizio/Downloads/energia-0101E0017/hardware/tools/msp430/bin/../lib/gcc/msp430/4.6.3/../../../../msp430/lib/libm.a(ef_pow.o)
                                        0x199 (size before relaxing)
 .debug_str     0x0000000000002671       0x2f /home/fabrizio/Downloads/energia-0101E0017/hardware/tools/msp430/bin/../lib/gcc/msp430/4.6.3/../../../../msp430/lib/libm.a(sf_scalbn.o)
                                        0x15c (size before relaxing)
 .debug_str     0x00000000000026a0       0x26 /home/fabrizio/Downloads/energia-0101E0017/hardware/tools/msp430/bin/../lib/gcc/msp430/4.6.3/../../../../msp430/lib/libm.a(ef_sqrt.o)
                                        0x154 (size before relaxing)